<?xml version="1.0" encoding="ISO-8859-1" ?>
<link_info>
   <banner>TI ARM Clang Linker PC v4.0.0.LTS</banner>
   <copyright>Copyright (c) 1996-2018 Texas Instruments Incorporated</copyright>
   <command_line>E:\Apps\ccs\ccs\tools\compiler\ti-cgt-armllvm_4.0.0.LTS\bin\tiarmlnk -IE:\Apps\ccs\ccs\tools\compiler\ti-cgt-armllvm_4.0.0.LTS\lib -o empty_LP_MSPM0G3507_nortos_ticlang.out -mempty_LP_MSPM0G3507_nortos_ticlang.map --heap_size=0x800 --stack_size=0x1000 -iE:/Apps/ti/mspm0_sdk_2_01_00_03/source -iC:/Users/14405/workspace_ccstheia/empty_LP_MSPM0G3507_nortos_ticlang -iC:/Users/14405/workspace_ccstheia/empty_LP_MSPM0G3507_nortos_ticlang/Debug/syscfg -iE:/Apps/ccs/ccs/tools/compiler/ti-cgt-armllvm_4.0.0.LTS/lib --diag_wrap=off --display_error_number --warn_sections --xml_link_info=empty_LP_MSPM0G3507_nortos_ticlang_linkInfo.xml --rom_model ./empty.o ./ti_msp_dl_config.o ./startup_mspm0g350x_ticlang.o ./APP/ptz.o ./APP/tracking_car.o ./Core/perf_counter.o ./Core/scheduler.o ./Modules/gray_sensor.o ./Modules/log.o ./Modules/motor.o ./Modules/pid.o ./Modules/stepper.o ./Modules/uart.o -l./device_linker.cmd -ldevice.cmd.genlibs -llibc.a --start-group -llibc++.a -llibc++abi.a -llibc.a -llibsys.a -llibsysbm.a -llibclang_rt.builtins.a -llibclang_rt.profile.a --end-group --cg_opt_level=0</command_line>
   <link_time>0x688dfa90</link_time>
   <link_errors>0x0</link_errors>
   <output_file>C:\Users\14405\workspace_ccstheia\empty_LP_MSPM0G3507_nortos_ticlang\Debug\empty_LP_MSPM0G3507_nortos_ticlang.out</output_file>
   <entry_point>
      <name>_c_int00_noargs</name>
      <address>0x763d</address>
   </entry_point>
   <input_file_list>
      <input_file id="fl-1">
         <path>C:\Users\14405\workspace_ccstheia\empty_LP_MSPM0G3507_nortos_ticlang\Debug\.\</path>
         <kind>object</kind>
         <file>empty.o</file>
         <name>empty.o</name>
      </input_file>
      <input_file id="fl-2">
         <path>C:\Users\14405\workspace_ccstheia\empty_LP_MSPM0G3507_nortos_ticlang\Debug\.\</path>
         <kind>object</kind>
         <file>ti_msp_dl_config.o</file>
         <name>ti_msp_dl_config.o</name>
      </input_file>
      <input_file id="fl-3">
         <path>C:\Users\14405\workspace_ccstheia\empty_LP_MSPM0G3507_nortos_ticlang\Debug\.\</path>
         <kind>object</kind>
         <file>startup_mspm0g350x_ticlang.o</file>
         <name>startup_mspm0g350x_ticlang.o</name>
      </input_file>
      <input_file id="fl-4">
         <path>C:\Users\14405\workspace_ccstheia\empty_LP_MSPM0G3507_nortos_ticlang\Debug\.\APP\</path>
         <kind>object</kind>
         <file>ptz.o</file>
         <name>ptz.o</name>
      </input_file>
      <input_file id="fl-5">
         <path>C:\Users\14405\workspace_ccstheia\empty_LP_MSPM0G3507_nortos_ticlang\Debug\.\APP\</path>
         <kind>object</kind>
         <file>tracking_car.o</file>
         <name>tracking_car.o</name>
      </input_file>
      <input_file id="fl-6">
         <path>C:\Users\14405\workspace_ccstheia\empty_LP_MSPM0G3507_nortos_ticlang\Debug\.\Core\</path>
         <kind>object</kind>
         <file>perf_counter.o</file>
         <name>perf_counter.o</name>
      </input_file>
      <input_file id="fl-7">
         <path>C:\Users\14405\workspace_ccstheia\empty_LP_MSPM0G3507_nortos_ticlang\Debug\.\Core\</path>
         <kind>object</kind>
         <file>scheduler.o</file>
         <name>scheduler.o</name>
      </input_file>
      <input_file id="fl-8">
         <path>C:\Users\14405\workspace_ccstheia\empty_LP_MSPM0G3507_nortos_ticlang\Debug\.\Modules\</path>
         <kind>object</kind>
         <file>gray_sensor.o</file>
         <name>gray_sensor.o</name>
      </input_file>
      <input_file id="fl-9">
         <path>C:\Users\14405\workspace_ccstheia\empty_LP_MSPM0G3507_nortos_ticlang\Debug\.\Modules\</path>
         <kind>object</kind>
         <file>log.o</file>
         <name>log.o</name>
      </input_file>
      <input_file id="fl-a">
         <path>C:\Users\14405\workspace_ccstheia\empty_LP_MSPM0G3507_nortos_ticlang\Debug\.\Modules\</path>
         <kind>object</kind>
         <file>motor.o</file>
         <name>motor.o</name>
      </input_file>
      <input_file id="fl-b">
         <path>C:\Users\14405\workspace_ccstheia\empty_LP_MSPM0G3507_nortos_ticlang\Debug\.\Modules\</path>
         <kind>object</kind>
         <file>pid.o</file>
         <name>pid.o</name>
      </input_file>
      <input_file id="fl-c">
         <path>C:\Users\14405\workspace_ccstheia\empty_LP_MSPM0G3507_nortos_ticlang\Debug\.\Modules\</path>
         <kind>object</kind>
         <file>stepper.o</file>
         <name>stepper.o</name>
      </input_file>
      <input_file id="fl-d">
         <path>C:\Users\14405\workspace_ccstheia\empty_LP_MSPM0G3507_nortos_ticlang\Debug\.\Modules\</path>
         <kind>object</kind>
         <file>uart.o</file>
         <name>uart.o</name>
      </input_file>
      <input_file id="fl-1a">
         <path>C:\Users\14405\workspace_ccstheia\empty_LP_MSPM0G3507_nortos_ticlang\Debug\</path>
         <kind>object</kind>
         <file>&lt;internal&gt;</file>
         <name>&lt;internal&gt;</name>
      </input_file>
      <input_file id="fl-1b">
         <path>E:\Apps\ti\mspm0_sdk_2_01_00_03\source\ti\driverlib\lib\ticlang\m0p\mspm0g1x0x_g3x0x\</path>
         <kind>archive</kind>
         <file>driverlib.a</file>
         <name>dl_common.o</name>
      </input_file>
      <input_file id="fl-1c">
         <path>E:\Apps\ti\mspm0_sdk_2_01_00_03\source\ti\driverlib\lib\ticlang\m0p\mspm0g1x0x_g3x0x\</path>
         <kind>archive</kind>
         <file>driverlib.a</file>
         <name>dl_dma.o</name>
      </input_file>
      <input_file id="fl-1d">
         <path>E:\Apps\ti\mspm0_sdk_2_01_00_03\source\ti\driverlib\lib\ticlang\m0p\mspm0g1x0x_g3x0x\</path>
         <kind>archive</kind>
         <file>driverlib.a</file>
         <name>dl_timer.o</name>
      </input_file>
      <input_file id="fl-1e">
         <path>E:\Apps\ti\mspm0_sdk_2_01_00_03\source\ti\driverlib\lib\ticlang\m0p\mspm0g1x0x_g3x0x\</path>
         <kind>archive</kind>
         <file>driverlib.a</file>
         <name>dl_uart.o</name>
      </input_file>
      <input_file id="fl-1f">
         <path>E:\Apps\ti\mspm0_sdk_2_01_00_03\source\ti\driverlib\lib\ticlang\m0p\mspm0g1x0x_g3x0x\</path>
         <kind>archive</kind>
         <file>driverlib.a</file>
         <name>dl_sysctl_mspm0g1x0x_g3x0x.o</name>
      </input_file>
      <input_file id="fl-34">
         <path>E:\Apps\ccs\ccs\tools\compiler\ti-cgt-armllvm_4.0.0.LTS\lib\armv6m-ti-none-eabi\c\</path>
         <kind>archive</kind>
         <file>libc.a</file>
         <name>e_logf.c.obj</name>
      </input_file>
      <input_file id="fl-35">
         <path>E:\Apps\ccs\ccs\tools\compiler\ti-cgt-armllvm_4.0.0.LTS\lib\armv6m-ti-none-eabi\c\</path>
         <kind>archive</kind>
         <file>libc.a</file>
         <name>snprintf.c.obj</name>
      </input_file>
      <input_file id="fl-36">
         <path>E:\Apps\ccs\ccs\tools\compiler\ti-cgt-armllvm_4.0.0.LTS\lib\armv6m-ti-none-eabi\c\</path>
         <kind>archive</kind>
         <file>libc.a</file>
         <name>vsnprintf.c.obj</name>
      </input_file>
      <input_file id="fl-37">
         <path>E:\Apps\ccs\ccs\tools\compiler\ti-cgt-armllvm_4.0.0.LTS\lib\armv6m-ti-none-eabi\c\</path>
         <kind>archive</kind>
         <file>libc.a</file>
         <name>sscanf.c.obj</name>
      </input_file>
      <input_file id="fl-38">
         <path>E:\Apps\ccs\ccs\tools\compiler\ti-cgt-armllvm_4.0.0.LTS\lib\armv6m-ti-none-eabi\c\</path>
         <kind>archive</kind>
         <file>libc.a</file>
         <name>ti_fmax.c.obj</name>
      </input_file>
      <input_file id="fl-39">
         <path>E:\Apps\ccs\ccs\tools\compiler\ti-cgt-armllvm_4.0.0.LTS\lib\armv6m-ti-none-eabi\c\</path>
         <kind>archive</kind>
         <file>libc.a</file>
         <name>aeabi_ctype.S.obj</name>
      </input_file>
      <input_file id="fl-3a">
         <path>E:\Apps\ccs\ccs\tools\compiler\ti-cgt-armllvm_4.0.0.LTS\lib\armv6m-ti-none-eabi\c\</path>
         <kind>archive</kind>
         <file>libc.a</file>
         <name>strcmp-armv6m.S.obj</name>
      </input_file>
      <input_file id="fl-3b">
         <path>E:\Apps\ccs\ccs\tools\compiler\ti-cgt-armllvm_4.0.0.LTS\lib\armv6m-ti-none-eabi\c\</path>
         <kind>archive</kind>
         <file>libc.a</file>
         <name>aeabi_portable.c.obj</name>
      </input_file>
      <input_file id="fl-3c">
         <path>E:\Apps\ccs\ccs\tools\compiler\ti-cgt-armllvm_4.0.0.LTS\lib\armv6m-ti-none-eabi\c\</path>
         <kind>archive</kind>
         <file>libc.a</file>
         <name>assert.c.obj</name>
      </input_file>
      <input_file id="fl-3d">
         <path>E:\Apps\ccs\ccs\tools\compiler\ti-cgt-armllvm_4.0.0.LTS\lib\armv6m-ti-none-eabi\c\</path>
         <kind>archive</kind>
         <file>libc.a</file>
         <name>atof.c.obj</name>
      </input_file>
      <input_file id="fl-3e">
         <path>E:\Apps\ccs\ccs\tools\compiler\ti-cgt-armllvm_4.0.0.LTS\lib\armv6m-ti-none-eabi\c\</path>
         <kind>archive</kind>
         <file>libc.a</file>
         <name>defs.c.obj</name>
      </input_file>
      <input_file id="fl-3f">
         <path>E:\Apps\ccs\ccs\tools\compiler\ti-cgt-armllvm_4.0.0.LTS\lib\armv6m-ti-none-eabi\c\</path>
         <kind>archive</kind>
         <file>libc.a</file>
         <name>memory.c.obj</name>
      </input_file>
      <input_file id="fl-40">
         <path>E:\Apps\ccs\ccs\tools\compiler\ti-cgt-armllvm_4.0.0.LTS\lib\armv6m-ti-none-eabi\c\</path>
         <kind>archive</kind>
         <file>libc.a</file>
         <name>strlen.c.obj</name>
      </input_file>
      <input_file id="fl-41">
         <path>E:\Apps\ccs\ccs\tools\compiler\ti-cgt-armllvm_4.0.0.LTS\lib\armv6m-ti-none-eabi\c\</path>
         <kind>archive</kind>
         <file>libc.a</file>
         <name>strncmp.c.obj</name>
      </input_file>
      <input_file id="fl-42">
         <path>E:\Apps\ccs\ccs\tools\compiler\ti-cgt-armllvm_4.0.0.LTS\lib\armv6m-ti-none-eabi\c\</path>
         <kind>archive</kind>
         <file>libc.a</file>
         <name>strstr.c.obj</name>
      </input_file>
      <input_file id="fl-43">
         <path>E:\Apps\ccs\ccs\tools\compiler\ti-cgt-armllvm_4.0.0.LTS\lib\armv6m-ti-none-eabi\c\</path>
         <kind>archive</kind>
         <file>libc.a</file>
         <name>strtod.c.obj</name>
      </input_file>
      <input_file id="fl-44">
         <path>E:\Apps\ccs\ccs\tools\compiler\ti-cgt-armllvm_4.0.0.LTS\lib\armv6m-ti-none-eabi\c\</path>
         <kind>archive</kind>
         <file>libc.a</file>
         <name>boot_cortex_m.c.obj</name>
      </input_file>
      <input_file id="fl-45">
         <path>E:\Apps\ccs\ccs\tools\compiler\ti-cgt-armllvm_4.0.0.LTS\lib\armv6m-ti-none-eabi\c\</path>
         <kind>archive</kind>
         <file>libc.a</file>
         <name>mathacl_init.c.obj</name>
      </input_file>
      <input_file id="fl-46">
         <path>E:\Apps\ccs\ccs\tools\compiler\ti-cgt-armllvm_4.0.0.LTS\lib\armv6m-ti-none-eabi\c\</path>
         <kind>archive</kind>
         <file>libc.a</file>
         <name>autoinit.c.obj</name>
      </input_file>
      <input_file id="fl-47">
         <path>E:\Apps\ccs\ccs\tools\compiler\ti-cgt-armllvm_4.0.0.LTS\lib\armv6m-ti-none-eabi\c\</path>
         <kind>archive</kind>
         <file>libc.a</file>
         <name>pre_init.c.obj</name>
      </input_file>
      <input_file id="fl-48">
         <path>E:\Apps\ccs\ccs\tools\compiler\ti-cgt-armllvm_4.0.0.LTS\lib\armv6m-ti-none-eabi\c\</path>
         <kind>archive</kind>
         <file>libc.a</file>
         <name>cpy_tbl.c.obj</name>
      </input_file>
      <input_file id="fl-49">
         <path>E:\Apps\ccs\ccs\tools\compiler\ti-cgt-armllvm_4.0.0.LTS\lib\armv6m-ti-none-eabi\c\</path>
         <kind>archive</kind>
         <file>libc.a</file>
         <name>copy_zero_init.c.obj</name>
      </input_file>
      <input_file id="fl-4a">
         <path>E:\Apps\ccs\ccs\tools\compiler\ti-cgt-armllvm_4.0.0.LTS\lib\armv6m-ti-none-eabi\c\</path>
         <kind>archive</kind>
         <file>libc.a</file>
         <name>copy_decompress_none.c.obj</name>
      </input_file>
      <input_file id="fl-4b">
         <path>E:\Apps\ccs\ccs\tools\compiler\ti-cgt-armllvm_4.0.0.LTS\lib\armv6m-ti-none-eabi\c\</path>
         <kind>archive</kind>
         <file>libc.a</file>
         <name>copy_decompress_lzss.c.obj</name>
      </input_file>
      <input_file id="fl-4c">
         <path>E:\Apps\ccs\ccs\tools\compiler\ti-cgt-armllvm_4.0.0.LTS\lib\armv6m-ti-none-eabi\c\</path>
         <kind>archive</kind>
         <file>libc.a</file>
         <name>_printfi.c.obj</name>
      </input_file>
      <input_file id="fl-4d">
         <path>E:\Apps\ccs\ccs\tools\compiler\ti-cgt-armllvm_4.0.0.LTS\lib\armv6m-ti-none-eabi\c\</path>
         <kind>archive</kind>
         <file>libc.a</file>
         <name>sprintf.c.obj</name>
      </input_file>
      <input_file id="fl-4e">
         <path>E:\Apps\ccs\ccs\tools\compiler\ti-cgt-armllvm_4.0.0.LTS\lib\armv6m-ti-none-eabi\c\</path>
         <kind>archive</kind>
         <file>libc.a</file>
         <name>_scanfi.c.obj</name>
      </input_file>
      <input_file id="fl-4f">
         <path>E:\Apps\ccs\ccs\tools\compiler\ti-cgt-armllvm_4.0.0.LTS\lib\armv6m-ti-none-eabi\c\</path>
         <kind>archive</kind>
         <file>libc.a</file>
         <name>fflush.c.obj</name>
      </input_file>
      <input_file id="fl-50">
         <path>E:\Apps\ccs\ccs\tools\compiler\ti-cgt-armllvm_4.0.0.LTS\lib\armv6m-ti-none-eabi\c\</path>
         <kind>archive</kind>
         <file>libc.a</file>
         <name>fputs.c.obj</name>
      </input_file>
      <input_file id="fl-51">
         <path>E:\Apps\ccs\ccs\tools\compiler\ti-cgt-armllvm_4.0.0.LTS\lib\armv6m-ti-none-eabi\c\</path>
         <kind>archive</kind>
         <file>libc.a</file>
         <name>_io_perm.c.obj</name>
      </input_file>
      <input_file id="fl-52">
         <path>E:\Apps\ccs\ccs\tools\compiler\ti-cgt-armllvm_4.0.0.LTS\lib\armv6m-ti-none-eabi\c\</path>
         <kind>archive</kind>
         <file>libc.a</file>
         <name>setvbuf.c.obj</name>
      </input_file>
      <input_file id="fl-53">
         <path>E:\Apps\ccs\ccs\tools\compiler\ti-cgt-armllvm_4.0.0.LTS\lib\armv6m-ti-none-eabi\c\</path>
         <kind>archive</kind>
         <file>libc.a</file>
         <name>wcslen.c.obj</name>
      </input_file>
      <input_file id="fl-54">
         <path>E:\Apps\ccs\ccs\tools\compiler\ti-cgt-armllvm_4.0.0.LTS\lib\armv6m-ti-none-eabi\c\</path>
         <kind>archive</kind>
         <file>libc.a</file>
         <name>s_frexp.c.obj</name>
      </input_file>
      <input_file id="fl-55">
         <path>E:\Apps\ccs\ccs\tools\compiler\ti-cgt-armllvm_4.0.0.LTS\lib\armv6m-ti-none-eabi\c\</path>
         <kind>archive</kind>
         <file>libc.a</file>
         <name>s_scalbn.c.obj</name>
      </input_file>
      <input_file id="fl-56">
         <path>E:\Apps\ccs\ccs\tools\compiler\ti-cgt-armllvm_4.0.0.LTS\lib\armv6m-ti-none-eabi\c\</path>
         <kind>archive</kind>
         <file>libc.a</file>
         <name>exit.c.obj</name>
      </input_file>
      <input_file id="fl-57">
         <path>E:\Apps\ccs\ccs\tools\compiler\ti-cgt-armllvm_4.0.0.LTS\lib\armv6m-ti-none-eabi\c\</path>
         <kind>archive</kind>
         <file>libc.a</file>
         <name>_lock.c.obj</name>
      </input_file>
      <input_file id="fl-58">
         <path>E:\Apps\ccs\ccs\tools\compiler\ti-cgt-armllvm_4.0.0.LTS\lib\armv6m-ti-none-eabi\c\</path>
         <kind>archive</kind>
         <file>libc.a</file>
         <name>_ltoa.c.obj</name>
      </input_file>
      <input_file id="fl-59">
         <path>E:\Apps\ccs\ccs\tools\compiler\ti-cgt-armllvm_4.0.0.LTS\lib\armv6m-ti-none-eabi\c\</path>
         <kind>archive</kind>
         <file>libc.a</file>
         <name>args_main.c.obj</name>
      </input_file>
      <input_file id="fl-5a">
         <path>E:\Apps\ccs\ccs\tools\compiler\ti-cgt-armllvm_4.0.0.LTS\lib\armv6m-ti-none-eabi\c\</path>
         <kind>archive</kind>
         <file>libc.a</file>
         <name>atoi.c.obj</name>
      </input_file>
      <input_file id="fl-5b">
         <path>E:\Apps\ccs\ccs\tools\compiler\ti-cgt-armllvm_4.0.0.LTS\lib\armv6m-ti-none-eabi\c\</path>
         <kind>archive</kind>
         <file>libc.a</file>
         <name>memccpy.c.obj</name>
      </input_file>
      <input_file id="fl-5c">
         <path>E:\Apps\ccs\ccs\tools\compiler\ti-cgt-armllvm_4.0.0.LTS\lib\armv6m-ti-none-eabi\c\</path>
         <kind>archive</kind>
         <file>libc.a</file>
         <name>strtol.c.obj</name>
      </input_file>
      <input_file id="fl-5d">
         <path>E:\Apps\ccs\ccs\tools\compiler\ti-cgt-armllvm_4.0.0.LTS\lib\armv6m-ti-none-eabi\c\</path>
         <kind>archive</kind>
         <file>libc.a</file>
         <name>strtoll.c.obj</name>
      </input_file>
      <input_file id="fl-5e">
         <path>E:\Apps\ccs\ccs\tools\compiler\ti-cgt-armllvm_4.0.0.LTS\lib\armv6m-ti-none-eabi\c\</path>
         <kind>archive</kind>
         <file>libc.a</file>
         <name>strtoul.c.obj</name>
      </input_file>
      <input_file id="fl-5f">
         <path>E:\Apps\ccs\ccs\tools\compiler\ti-cgt-armllvm_4.0.0.LTS\lib\armv6m-ti-none-eabi\c\</path>
         <kind>archive</kind>
         <file>libc.a</file>
         <name>strtoull.c.obj</name>
      </input_file>
      <input_file id="fl-60">
         <path>E:\Apps\ccs\ccs\tools\compiler\ti-cgt-armllvm_4.0.0.LTS\lib\armv6m-ti-none-eabi\c\</path>
         <kind>archive</kind>
         <file>libc.a</file>
         <name>fopen.c.obj</name>
      </input_file>
      <input_file id="fl-61">
         <path>E:\Apps\ccs\ccs\tools\compiler\ti-cgt-armllvm_4.0.0.LTS\lib\armv6m-ti-none-eabi\c\</path>
         <kind>archive</kind>
         <file>libc.a</file>
         <name>fseek.c.obj</name>
      </input_file>
      <input_file id="fl-62">
         <path>E:\Apps\ccs\ccs\tools\compiler\ti-cgt-armllvm_4.0.0.LTS\lib\armv6m-ti-none-eabi\c\</path>
         <kind>archive</kind>
         <file>libc.a</file>
         <name>fclose.c.obj</name>
      </input_file>
      <input_file id="fl-f8">
         <path>E:\Apps\ccs\ccs\tools\compiler\ti-cgt-armllvm_4.0.0.LTS\lib\armv6m-ti-none-eabi\c\</path>
         <kind>archive</kind>
         <file>libsysbm.a</file>
         <name>write.c.obj</name>
      </input_file>
      <input_file id="fl-f9">
         <path>E:\Apps\ccs\ccs\tools\compiler\ti-cgt-armllvm_4.0.0.LTS\lib\armv6m-ti-none-eabi\c\</path>
         <kind>archive</kind>
         <file>libsysbm.a</file>
         <name>host_device.c.obj</name>
      </input_file>
      <input_file id="fl-fa">
         <path>E:\Apps\ccs\ccs\tools\compiler\ti-cgt-armllvm_4.0.0.LTS\lib\armv6m-ti-none-eabi\c\</path>
         <kind>archive</kind>
         <file>libsysbm.a</file>
         <name>remove.c.obj</name>
      </input_file>
      <input_file id="fl-fb">
         <path>E:\Apps\ccs\ccs\tools\compiler\ti-cgt-armllvm_4.0.0.LTS\lib\armv6m-ti-none-eabi\c\</path>
         <kind>archive</kind>
         <file>libsysbm.a</file>
         <name>open.c.obj</name>
      </input_file>
      <input_file id="fl-fc">
         <path>E:\Apps\ccs\ccs\tools\compiler\ti-cgt-armllvm_4.0.0.LTS\lib\armv6m-ti-none-eabi\c\</path>
         <kind>archive</kind>
         <file>libsysbm.a</file>
         <name>lseek.c.obj</name>
      </input_file>
      <input_file id="fl-fd">
         <path>E:\Apps\ccs\ccs\tools\compiler\ti-cgt-armllvm_4.0.0.LTS\lib\armv6m-ti-none-eabi\c\</path>
         <kind>archive</kind>
         <file>libsysbm.a</file>
         <name>close.c.obj</name>
      </input_file>
      <input_file id="fl-fe">
         <path>E:\Apps\ccs\ccs\tools\compiler\ti-cgt-armllvm_4.0.0.LTS\lib\armv6m-ti-none-eabi\c\</path>
         <kind>archive</kind>
         <file>libsysbm.a</file>
         <name>unlink.c.obj</name>
      </input_file>
      <input_file id="fl-ff">
         <path>E:\Apps\ccs\ccs\tools\compiler\ti-cgt-armllvm_4.0.0.LTS\lib\armv6m-ti-none-eabi\c\</path>
         <kind>archive</kind>
         <file>libsysbm.a</file>
         <name>hostclose.c.obj</name>
      </input_file>
      <input_file id="fl-100">
         <path>E:\Apps\ccs\ccs\tools\compiler\ti-cgt-armllvm_4.0.0.LTS\lib\armv6m-ti-none-eabi\c\</path>
         <kind>archive</kind>
         <file>libsysbm.a</file>
         <name>hostlseek.c.obj</name>
      </input_file>
      <input_file id="fl-101">
         <path>E:\Apps\ccs\ccs\tools\compiler\ti-cgt-armllvm_4.0.0.LTS\lib\armv6m-ti-none-eabi\c\</path>
         <kind>archive</kind>
         <file>libsysbm.a</file>
         <name>hostopen.c.obj</name>
      </input_file>
      <input_file id="fl-102">
         <path>E:\Apps\ccs\ccs\tools\compiler\ti-cgt-armllvm_4.0.0.LTS\lib\armv6m-ti-none-eabi\c\</path>
         <kind>archive</kind>
         <file>libsysbm.a</file>
         <name>hostread.c.obj</name>
      </input_file>
      <input_file id="fl-103">
         <path>E:\Apps\ccs\ccs\tools\compiler\ti-cgt-armllvm_4.0.0.LTS\lib\armv6m-ti-none-eabi\c\</path>
         <kind>archive</kind>
         <file>libsysbm.a</file>
         <name>hostrename.c.obj</name>
      </input_file>
      <input_file id="fl-104">
         <path>E:\Apps\ccs\ccs\tools\compiler\ti-cgt-armllvm_4.0.0.LTS\lib\armv6m-ti-none-eabi\c\</path>
         <kind>archive</kind>
         <file>libsysbm.a</file>
         <name>hostunlink.c.obj</name>
      </input_file>
      <input_file id="fl-105">
         <path>E:\Apps\ccs\ccs\tools\compiler\ti-cgt-armllvm_4.0.0.LTS\lib\armv6m-ti-none-eabi\c\</path>
         <kind>archive</kind>
         <file>libsysbm.a</file>
         <name>hostwrite.c.obj</name>
      </input_file>
      <input_file id="fl-106">
         <path>E:\Apps\ccs\ccs\tools\compiler\ti-cgt-armllvm_4.0.0.LTS\lib\armv6m-ti-none-eabi\c\</path>
         <kind>archive</kind>
         <file>libsysbm.a</file>
         <name>trgmsg.c.obj</name>
      </input_file>
      <input_file id="fl-107">
         <path>E:\Apps\ccs\ccs\tools\compiler\ti-cgt-armllvm_4.0.0.LTS\lib\armv6m-ti-none-eabi\</path>
         <kind>archive</kind>
         <file>libclang_rt.builtins.a</file>
         <name>addsf3.S.obj</name>
      </input_file>
      <input_file id="fl-108">
         <path>E:\Apps\ccs\ccs\tools\compiler\ti-cgt-armllvm_4.0.0.LTS\lib\armv6m-ti-none-eabi\</path>
         <kind>archive</kind>
         <file>libclang_rt.builtins.a</file>
         <name>adddf3.S.obj</name>
      </input_file>
      <input_file id="fl-109">
         <path>E:\Apps\ccs\ccs\tools\compiler\ti-cgt-armllvm_4.0.0.LTS\lib\armv6m-ti-none-eabi\</path>
         <kind>archive</kind>
         <file>libclang_rt.builtins.a</file>
         <name>muldf3.S.obj</name>
      </input_file>
      <input_file id="fl-10a">
         <path>E:\Apps\ccs\ccs\tools\compiler\ti-cgt-armllvm_4.0.0.LTS\lib\armv6m-ti-none-eabi\</path>
         <kind>archive</kind>
         <file>libclang_rt.builtins.a</file>
         <name>muldsi3.S.obj</name>
      </input_file>
      <input_file id="fl-10b">
         <path>E:\Apps\ccs\ccs\tools\compiler\ti-cgt-armllvm_4.0.0.LTS\lib\armv6m-ti-none-eabi\</path>
         <kind>archive</kind>
         <file>libclang_rt.builtins.a</file>
         <name>mulsf3.S.obj</name>
      </input_file>
      <input_file id="fl-10c">
         <path>E:\Apps\ccs\ccs\tools\compiler\ti-cgt-armllvm_4.0.0.LTS\lib\armv6m-ti-none-eabi\</path>
         <kind>archive</kind>
         <file>libclang_rt.builtins.a</file>
         <name>divsf3.S.obj</name>
      </input_file>
      <input_file id="fl-10d">
         <path>E:\Apps\ccs\ccs\tools\compiler\ti-cgt-armllvm_4.0.0.LTS\lib\armv6m-ti-none-eabi\</path>
         <kind>archive</kind>
         <file>libclang_rt.builtins.a</file>
         <name>divdf3.S.obj</name>
      </input_file>
      <input_file id="fl-10e">
         <path>E:\Apps\ccs\ccs\tools\compiler\ti-cgt-armllvm_4.0.0.LTS\lib\armv6m-ti-none-eabi\</path>
         <kind>archive</kind>
         <file>libclang_rt.builtins.a</file>
         <name>extendsfdf2.S.obj</name>
      </input_file>
      <input_file id="fl-10f">
         <path>E:\Apps\ccs\ccs\tools\compiler\ti-cgt-armllvm_4.0.0.LTS\lib\armv6m-ti-none-eabi\</path>
         <kind>archive</kind>
         <file>libclang_rt.builtins.a</file>
         <name>fixdfdi.S.obj</name>
      </input_file>
      <input_file id="fl-110">
         <path>E:\Apps\ccs\ccs\tools\compiler\ti-cgt-armllvm_4.0.0.LTS\lib\armv6m-ti-none-eabi\</path>
         <kind>archive</kind>
         <file>libclang_rt.builtins.a</file>
         <name>fixdfsi.S.obj</name>
      </input_file>
      <input_file id="fl-111">
         <path>E:\Apps\ccs\ccs\tools\compiler\ti-cgt-armllvm_4.0.0.LTS\lib\armv6m-ti-none-eabi\</path>
         <kind>archive</kind>
         <file>libclang_rt.builtins.a</file>
         <name>fixsfsi.S.obj</name>
      </input_file>
      <input_file id="fl-112">
         <path>E:\Apps\ccs\ccs\tools\compiler\ti-cgt-armllvm_4.0.0.LTS\lib\armv6m-ti-none-eabi\</path>
         <kind>archive</kind>
         <file>libclang_rt.builtins.a</file>
         <name>fixunssfsi.S.obj</name>
      </input_file>
      <input_file id="fl-113">
         <path>E:\Apps\ccs\ccs\tools\compiler\ti-cgt-armllvm_4.0.0.LTS\lib\armv6m-ti-none-eabi\</path>
         <kind>archive</kind>
         <file>libclang_rt.builtins.a</file>
         <name>floatdidf.S.obj</name>
      </input_file>
      <input_file id="fl-114">
         <path>E:\Apps\ccs\ccs\tools\compiler\ti-cgt-armllvm_4.0.0.LTS\lib\armv6m-ti-none-eabi\</path>
         <kind>archive</kind>
         <file>libclang_rt.builtins.a</file>
         <name>floatsidf.S.obj</name>
      </input_file>
      <input_file id="fl-115">
         <path>E:\Apps\ccs\ccs\tools\compiler\ti-cgt-armllvm_4.0.0.LTS\lib\armv6m-ti-none-eabi\</path>
         <kind>archive</kind>
         <file>libclang_rt.builtins.a</file>
         <name>floatsisf.S.obj</name>
      </input_file>
      <input_file id="fl-116">
         <path>E:\Apps\ccs\ccs\tools\compiler\ti-cgt-armllvm_4.0.0.LTS\lib\armv6m-ti-none-eabi\</path>
         <kind>archive</kind>
         <file>libclang_rt.builtins.a</file>
         <name>floatunsisf.S.obj</name>
      </input_file>
      <input_file id="fl-117">
         <path>E:\Apps\ccs\ccs\tools\compiler\ti-cgt-armllvm_4.0.0.LTS\lib\armv6m-ti-none-eabi\</path>
         <kind>archive</kind>
         <file>libclang_rt.builtins.a</file>
         <name>muldi3.S.obj</name>
      </input_file>
      <input_file id="fl-118">
         <path>E:\Apps\ccs\ccs\tools\compiler\ti-cgt-armllvm_4.0.0.LTS\lib\armv6m-ti-none-eabi\</path>
         <kind>archive</kind>
         <file>libclang_rt.builtins.a</file>
         <name>truncdfsf2.S.obj</name>
      </input_file>
      <input_file id="fl-119">
         <path>E:\Apps\ccs\ccs\tools\compiler\ti-cgt-armllvm_4.0.0.LTS\lib\armv6m-ti-none-eabi\</path>
         <kind>archive</kind>
         <file>libclang_rt.builtins.a</file>
         <name>aeabi_dcmp.S.obj</name>
      </input_file>
      <input_file id="fl-11a">
         <path>E:\Apps\ccs\ccs\tools\compiler\ti-cgt-armllvm_4.0.0.LTS\lib\armv6m-ti-none-eabi\</path>
         <kind>archive</kind>
         <file>libclang_rt.builtins.a</file>
         <name>aeabi_fcmp.S.obj</name>
      </input_file>
      <input_file id="fl-11b">
         <path>E:\Apps\ccs\ccs\tools\compiler\ti-cgt-armllvm_4.0.0.LTS\lib\armv6m-ti-none-eabi\</path>
         <kind>archive</kind>
         <file>libclang_rt.builtins.a</file>
         <name>aeabi_idivmod.S.obj</name>
      </input_file>
      <input_file id="fl-11c">
         <path>E:\Apps\ccs\ccs\tools\compiler\ti-cgt-armllvm_4.0.0.LTS\lib\armv6m-ti-none-eabi\</path>
         <kind>archive</kind>
         <file>libclang_rt.builtins.a</file>
         <name>aeabi_ldivmod.S.obj</name>
      </input_file>
      <input_file id="fl-11d">
         <path>E:\Apps\ccs\ccs\tools\compiler\ti-cgt-armllvm_4.0.0.LTS\lib\armv6m-ti-none-eabi\</path>
         <kind>archive</kind>
         <file>libclang_rt.builtins.a</file>
         <name>aeabi_memcpy.S.obj</name>
      </input_file>
      <input_file id="fl-11e">
         <path>E:\Apps\ccs\ccs\tools\compiler\ti-cgt-armllvm_4.0.0.LTS\lib\armv6m-ti-none-eabi\</path>
         <kind>archive</kind>
         <file>libclang_rt.builtins.a</file>
         <name>aeabi_memset.S.obj</name>
      </input_file>
      <input_file id="fl-11f">
         <path>E:\Apps\ccs\ccs\tools\compiler\ti-cgt-armllvm_4.0.0.LTS\lib\armv6m-ti-none-eabi\</path>
         <kind>archive</kind>
         <file>libclang_rt.builtins.a</file>
         <name>aeabi_uidivmod.S.obj</name>
      </input_file>
      <input_file id="fl-120">
         <path>E:\Apps\ccs\ccs\tools\compiler\ti-cgt-armllvm_4.0.0.LTS\lib\armv6m-ti-none-eabi\</path>
         <kind>archive</kind>
         <file>libclang_rt.builtins.a</file>
         <name>aeabi_uldivmod.S.obj</name>
      </input_file>
      <input_file id="fl-121">
         <path>E:\Apps\ccs\ccs\tools\compiler\ti-cgt-armllvm_4.0.0.LTS\lib\armv6m-ti-none-eabi\</path>
         <kind>archive</kind>
         <file>libclang_rt.builtins.a</file>
         <name>comparesf2.S.obj</name>
      </input_file>
      <input_file id="fl-122">
         <path>E:\Apps\ccs\ccs\tools\compiler\ti-cgt-armllvm_4.0.0.LTS\lib\armv6m-ti-none-eabi\</path>
         <kind>archive</kind>
         <file>libclang_rt.builtins.a</file>
         <name>udivmoddi4.S.obj</name>
      </input_file>
      <input_file id="fl-123">
         <path>E:\Apps\ccs\ccs\tools\compiler\ti-cgt-armllvm_4.0.0.LTS\lib\armv6m-ti-none-eabi\</path>
         <kind>archive</kind>
         <file>libclang_rt.builtins.a</file>
         <name>ashldi3.S.obj</name>
      </input_file>
      <input_file id="fl-124">
         <path>E:\Apps\ccs\ccs\tools\compiler\ti-cgt-armllvm_4.0.0.LTS\lib\armv6m-ti-none-eabi\</path>
         <kind>archive</kind>
         <file>libclang_rt.builtins.a</file>
         <name>comparedf2.c.obj</name>
      </input_file>
      <input_file id="fl-125">
         <path>E:\Apps\ccs\ccs\tools\compiler\ti-cgt-armllvm_4.0.0.LTS\lib\armv6m-ti-none-eabi\</path>
         <kind>archive</kind>
         <file>libclang_rt.builtins.a</file>
         <name>divmoddi4.c.obj</name>
      </input_file>
      <input_file id="fl-126">
         <path>E:\Apps\ccs\ccs\tools\compiler\ti-cgt-armllvm_4.0.0.LTS\lib\armv6m-ti-none-eabi\</path>
         <kind>archive</kind>
         <file>libclang_rt.builtins.a</file>
         <name>aeabi_div0.c.obj</name>
      </input_file>
      <input_file id="fl-127">
         <path>E:\Apps\ccs\ccs\tools\compiler\ti-cgt-armllvm_4.0.0.LTS\lib\armv6m-ti-none-eabi\c\</path>
         <kind>archive</kind>
         <file>libc.a</file>
         <name>getdevice.c.obj</name>
      </input_file>
      <input_file id="fl-128">
         <path>E:\Apps\ccs\ccs\tools\compiler\ti-cgt-armllvm_4.0.0.LTS\lib\armv6m-ti-none-eabi\c\</path>
         <kind>archive</kind>
         <file>libc.a</file>
         <name>memcpy16.S.obj</name>
      </input_file>
      <input_file id="fl-129">
         <path>E:\Apps\ccs\ccs\tools\compiler\ti-cgt-armllvm_4.0.0.LTS\lib\armv6m-ti-none-eabi\c\</path>
         <kind>archive</kind>
         <file>libc.a</file>
         <name>memset16.S.obj</name>
      </input_file>
   </input_file_list>
   <object_component_list>
      <object_component id="oc-18">
         <name>.intvecs</name>
         <load_address>0x0</load_address>
         <readonly>true</readonly>
         <run_address>0x0</run_address>
         <size>0xc0</size>
         <alignment>0x4</alignment>
         <input_file_ref idref="fl-3"/>
      </object_component>
      <object_component id="oc-297">
         <name>.text.__TI_scanfi</name>
         <load_address>0xc0</load_address>
         <readonly>true</readonly>
         <executable>true</executable>
         <run_address>0xc0</run_address>
         <size>0xbdc</size>
         <alignment>0x4</alignment>
         <input_file_ref idref="fl-4e"/>
      </object_component>
      <object_component id="oc-33f">
         <name>.text:__TI_printfi</name>
         <load_address>0xc9c</load_address>
         <readonly>true</readonly>
         <executable>true</executable>
         <run_address>0xc9c</run_address>
         <size>0x9d0</size>
         <alignment>0x4</alignment>
         <input_file_ref idref="fl-4c"/>
      </object_component>
      <object_component id="oc-234">
         <name>.text.car_circle_task_1</name>
         <load_address>0x166c</load_address>
         <readonly>true</readonly>
         <executable>true</executable>
         <run_address>0x166c</run_address>
         <size>0x61c</size>
         <alignment>0x4</alignment>
         <input_file_ref idref="fl-5"/>
      </object_component>
      <object_component id="oc-238">
         <name>.text.car_circle_task</name>
         <load_address>0x1c88</load_address>
         <readonly>true</readonly>
         <executable>true</executable>
         <run_address>0x1c88</run_address>
         <size>0x4a4</size>
         <alignment>0x4</alignment>
         <input_file_ref idref="fl-5"/>
      </object_component>
      <object_component id="oc-e5">
         <name>.text.Scheduler_Run</name>
         <load_address>0x212c</load_address>
         <readonly>true</readonly>
         <executable>true</executable>
         <run_address>0x212c</run_address>
         <size>0x3dc</size>
         <alignment>0x4</alignment>
         <input_file_ref idref="fl-7"/>
      </object_component>
      <object_component id="oc-289">
         <name>.text.strtod</name>
         <load_address>0x2508</load_address>
         <readonly>true</readonly>
         <executable>true</executable>
         <run_address>0x2508</run_address>
         <size>0x3b8</size>
         <alignment>0x4</alignment>
         <input_file_ref idref="fl-43"/>
      </object_component>
      <object_component id="oc-150">
         <name>.text.Uart_HMI_check</name>
         <load_address>0x28c0</load_address>
         <readonly>true</readonly>
         <executable>true</executable>
         <run_address>0x28c0</run_address>
         <size>0x38c</size>
         <alignment>0x4</alignment>
         <input_file_ref idref="fl-d"/>
      </object_component>
      <object_component id="oc-12a">
         <name>.text.ptz_scan_task</name>
         <load_address>0x2c4c</load_address>
         <readonly>true</readonly>
         <executable>true</executable>
         <run_address>0x2c4c</run_address>
         <size>0x264</size>
         <alignment>0x4</alignment>
         <input_file_ref idref="fl-4"/>
      </object_component>
      <object_component id="oc-37b">
         <name>.text._pconv_a</name>
         <load_address>0x2eb0</load_address>
         <readonly>true</readonly>
         <executable>true</executable>
         <run_address>0x2eb0</run_address>
         <size>0x220</size>
         <alignment>0x4</alignment>
         <input_file_ref idref="fl-4c"/>
      </object_component>
      <object_component id="oc-319">
         <name>.text.strtoll</name>
         <load_address>0x30d0</load_address>
         <readonly>true</readonly>
         <executable>true</executable>
         <run_address>0x30d0</run_address>
         <size>0x1e0</size>
         <alignment>0x4</alignment>
         <input_file_ref idref="fl-5d"/>
      </object_component>
      <object_component id="oc-37c">
         <name>.text._pconv_g</name>
         <load_address>0x32b0</load_address>
         <readonly>true</readonly>
         <executable>true</executable>
         <run_address>0x32b0</run_address>
         <size>0x1dc</size>
         <alignment>0x4</alignment>
         <input_file_ref idref="fl-4c"/>
      </object_component>
      <object_component id="oc-12d">
         <name>.text.master_control_task</name>
         <load_address>0x348c</load_address>
         <readonly>true</readonly>
         <executable>true</executable>
         <run_address>0x348c</run_address>
         <size>0x1ac</size>
         <alignment>0x4</alignment>
         <input_file_ref idref="fl-5"/>
      </object_component>
      <object_component id="oc-e0">
         <name>.text.Add_SchTask</name>
         <load_address>0x3638</load_address>
         <readonly>true</readonly>
         <executable>true</executable>
         <run_address>0x3638</run_address>
         <size>0x1a0</size>
         <alignment>0x4</alignment>
         <input_file_ref idref="fl-7"/>
      </object_component>
      <object_component id="oc-2b2">
         <name>.text.adddf3_subdf3</name>
         <load_address>0x37d8</load_address>
         <readonly>true</readonly>
         <executable>true</executable>
         <run_address>0x37d8</run_address>
         <size>0x192</size>
         <alignment>0x4</alignment>
         <input_file_ref idref="fl-108"/>
      </object_component>
      <object_component id="oc-329">
         <name>.text.__aeabi_idiv0</name>
         <load_address>0x396a</load_address>
         <readonly>true</readonly>
         <executable>true</executable>
         <run_address>0x396a</run_address>
         <size>0x2</size>
         <alignment>0x2</alignment>
         <input_file_ref idref="fl-126"/>
      </object_component>
      <object_component id="oc-14f">
         <name>.text.Uart_DEBUG_check</name>
         <load_address>0x396c</load_address>
         <readonly>true</readonly>
         <executable>true</executable>
         <run_address>0x396c</run_address>
         <size>0x18c</size>
         <alignment>0x4</alignment>
         <input_file_ref idref="fl-d"/>
      </object_component>
      <object_component id="oc-315">
         <name>.text.strtoull</name>
         <load_address>0x3af8</load_address>
         <readonly>true</readonly>
         <executable>true</executable>
         <run_address>0x3af8</run_address>
         <size>0x16c</size>
         <alignment>0x4</alignment>
         <input_file_ref idref="fl-5f"/>
      </object_component>
      <object_component id="oc-1c1">
         <name>.text.PID_Realize</name>
         <load_address>0x3c64</load_address>
         <readonly>true</readonly>
         <executable>true</executable>
         <run_address>0x3c64</run_address>
         <size>0x166</size>
         <alignment>0x2</alignment>
         <input_file_ref idref="fl-a"/>
      </object_component>
      <object_component id="oc-2e2">
         <name>.text.__aeabi_ldiv0</name>
         <load_address>0x3dca</load_address>
         <readonly>true</readonly>
         <executable>true</executable>
         <run_address>0x3dca</run_address>
         <size>0x2</size>
         <alignment>0x2</alignment>
         <input_file_ref idref="fl-126"/>
      </object_component>
      <object_component id="oc-2a8">
         <name>.text.Gray_Senor_Get_State</name>
         <load_address>0x3dcc</load_address>
         <readonly>true</readonly>
         <executable>true</executable>
         <run_address>0x3dcc</run_address>
         <size>0x15c</size>
         <alignment>0x4</alignment>
         <input_file_ref idref="fl-8"/>
      </object_component>
      <object_component id="oc-112">
         <name>.text.SYSCFG_DL_GPIO_init</name>
         <load_address>0x3f28</load_address>
         <readonly>true</readonly>
         <executable>true</executable>
         <run_address>0x3f28</run_address>
         <size>0x154</size>
         <alignment>0x4</alignment>
         <input_file_ref idref="fl-2"/>
      </object_component>
      <object_component id="oc-311">
         <name>.text.strtol</name>
         <load_address>0x407c</load_address>
         <readonly>true</readonly>
         <executable>true</executable>
         <run_address>0x407c</run_address>
         <size>0x144</size>
         <alignment>0x4</alignment>
         <input_file_ref idref="fl-5c"/>
      </object_component>
      <object_component id="oc-39c">
         <name>.text.fcvt</name>
         <load_address>0x41c0</load_address>
         <readonly>true</readonly>
         <executable>true</executable>
         <run_address>0x41c0</run_address>
         <size>0x13c</size>
         <alignment>0x4</alignment>
         <input_file_ref idref="fl-4c"/>
      </object_component>
      <object_component id="oc-30d">
         <name>.text.strtoul</name>
         <load_address>0x42fc</load_address>
         <readonly>true</readonly>
         <executable>true</executable>
         <run_address>0x42fc</run_address>
         <size>0x12c</size>
         <alignment>0x4</alignment>
         <input_file_ref idref="fl-5e"/>
      </object_component>
      <object_component id="oc-37e">
         <name>.text._pconv_e</name>
         <load_address>0x4428</load_address>
         <readonly>true</readonly>
         <executable>true</executable>
         <run_address>0x4428</run_address>
         <size>0x120</size>
         <alignment>0x4</alignment>
         <input_file_ref idref="fl-4c"/>
      </object_component>
      <object_component id="oc-1eb">
         <name>.text.aligned_alloc</name>
         <load_address>0x4548</load_address>
         <readonly>true</readonly>
         <executable>true</executable>
         <run_address>0x4548</run_address>
         <size>0x114</size>
         <alignment>0x4</alignment>
         <input_file_ref idref="fl-3f"/>
      </object_component>
      <object_component id="oc-18e">
         <name>.text.DL_Timer_initCaptureMode</name>
         <load_address>0x465c</load_address>
         <readonly>true</readonly>
         <executable>true</executable>
         <run_address>0x465c</run_address>
         <size>0x110</size>
         <alignment>0x4</alignment>
         <input_file_ref idref="fl-1d"/>
      </object_component>
      <object_component id="oc-136">
         <name>.text.__divdf3</name>
         <load_address>0x476c</load_address>
         <readonly>true</readonly>
         <executable>true</executable>
         <run_address>0x476c</run_address>
         <size>0x10c</size>
         <alignment>0x4</alignment>
         <input_file_ref idref="fl-10d"/>
      </object_component>
      <object_component id="oc-265">
         <name>.text.log_output</name>
         <load_address>0x4878</load_address>
         <readonly>true</readonly>
         <executable>true</executable>
         <run_address>0x4878</run_address>
         <size>0x10c</size>
         <alignment>0x4</alignment>
         <input_file_ref idref="fl-9"/>
      </object_component>
      <object_component id="oc-194">
         <name>.text.DL_Timer_initTimerMode</name>
         <load_address>0x4984</load_address>
         <readonly>true</readonly>
         <executable>true</executable>
         <run_address>0x4984</run_address>
         <size>0xe8</size>
         <alignment>0x4</alignment>
         <input_file_ref idref="fl-1d"/>
      </object_component>
      <object_component id="oc-99">
         <name>.text.Stepper_TimerCallback</name>
         <load_address>0x4a6c</load_address>
         <readonly>true</readonly>
         <executable>true</executable>
         <run_address>0x4a6c</run_address>
         <size>0xe8</size>
         <alignment>0x4</alignment>
         <input_file_ref idref="fl-c"/>
      </object_component>
      <object_component id="oc-1f8">
         <name>.text.free</name>
         <load_address>0x4b54</load_address>
         <readonly>true</readonly>
         <executable>true</executable>
         <run_address>0x4b54</run_address>
         <size>0xe8</size>
         <alignment>0x4</alignment>
         <input_file_ref idref="fl-3f"/>
      </object_component>
      <object_component id="oc-274">
         <name>.text.__muldf3</name>
         <load_address>0x4c3c</load_address>
         <readonly>true</readonly>
         <executable>true</executable>
         <run_address>0x4c3c</run_address>
         <size>0xe4</size>
         <alignment>0x4</alignment>
         <input_file_ref idref="fl-109"/>
      </object_component>
      <object_component id="oc-177">
         <name>.text.DL_SYSCTL_configSYSPLL</name>
         <load_address>0x4d20</load_address>
         <readonly>true</readonly>
         <executable>true</executable>
         <run_address>0x4d20</run_address>
         <size>0xdc</size>
         <alignment>0x4</alignment>
         <input_file_ref idref="fl-1f"/>
      </object_component>
      <object_component id="oc-1ce">
         <name>.text.Stepper_MoveToAngle</name>
         <load_address>0x4dfc</load_address>
         <readonly>true</readonly>
         <executable>true</executable>
         <run_address>0x4dfc</run_address>
         <size>0xdc</size>
         <alignment>0x4</alignment>
         <input_file_ref idref="fl-c"/>
      </object_component>
      <object_component id="oc-2f8">
         <name>.text.scalbn</name>
         <load_address>0x4ed8</load_address>
         <readonly>true</readonly>
         <executable>true</executable>
         <run_address>0x4ed8</run_address>
         <size>0xd8</size>
         <alignment>0x4</alignment>
         <input_file_ref idref="fl-55"/>
      </object_component>
      <object_component id="oc-bc">
         <name>.text</name>
         <load_address>0x4fb0</load_address>
         <readonly>true</readonly>
         <executable>true</executable>
         <run_address>0x4fb0</run_address>
         <size>0xd8</size>
         <alignment>0x4</alignment>
         <input_file_ref idref="fl-107"/>
      </object_component>
      <object_component id="oc-2ad">
         <name>.text.Gray_Senor_Get_Turn</name>
         <load_address>0x5088</load_address>
         <readonly>true</readonly>
         <executable>true</executable>
         <run_address>0x5088</run_address>
         <size>0xc8</size>
         <alignment>0x4</alignment>
         <input_file_ref idref="fl-8"/>
      </object_component>
      <object_component id="oc-1c3">
         <name>.text.Add_Corontine</name>
         <load_address>0x5150</load_address>
         <readonly>true</readonly>
         <executable>true</executable>
         <run_address>0x5150</run_address>
         <size>0xc4</size>
         <alignment>0x4</alignment>
         <input_file_ref idref="fl-7"/>
      </object_component>
      <object_component id="oc-186">
         <name>.text.DL_Timer_initPWMMode</name>
         <load_address>0x5214</load_address>
         <readonly>true</readonly>
         <executable>true</executable>
         <run_address>0x5214</run_address>
         <size>0xc4</size>
         <alignment>0x4</alignment>
         <input_file_ref idref="fl-1d"/>
      </object_component>
      <object_component id="oc-111">
         <name>.text.SYSCFG_DL_initPower</name>
         <load_address>0x52d8</load_address>
         <readonly>true</readonly>
         <executable>true</executable>
         <run_address>0x52d8</run_address>
         <size>0xc4</size>
         <alignment>0x4</alignment>
         <input_file_ref idref="fl-2"/>
      </object_component>
      <object_component id="oc-41">
         <name>.text.UART0_IRQHandler</name>
         <load_address>0x539c</load_address>
         <readonly>true</readonly>
         <executable>true</executable>
         <run_address>0x539c</run_address>
         <size>0xac</size>
         <alignment>0x4</alignment>
         <input_file_ref idref="fl-d"/>
      </object_component>
      <object_component id="oc-12b">
         <name>.text.motor_Init</name>
         <load_address>0x5448</load_address>
         <readonly>true</readonly>
         <executable>true</executable>
         <run_address>0x5448</run_address>
         <size>0xac</size>
         <alignment>0x4</alignment>
         <input_file_ref idref="fl-a"/>
      </object_component>
      <object_component id="oc-1c8">
         <name>.text.pid_complete_corounite</name>
         <load_address>0x54f4</load_address>
         <readonly>true</readonly>
         <executable>true</executable>
         <run_address>0x54f4</run_address>
         <size>0xa8</size>
         <alignment>0x4</alignment>
         <input_file_ref idref="fl-4"/>
      </object_component>
      <object_component id="oc-283">
         <name>.text</name>
         <load_address>0x559c</load_address>
         <readonly>true</readonly>
         <executable>true</executable>
         <run_address>0x559c</run_address>
         <size>0xa2</size>
         <alignment>0x4</alignment>
         <input_file_ref idref="fl-122"/>
      </object_component>
      <object_component id="oc-242">
         <name>.text._nop</name>
         <load_address>0x563e</load_address>
         <readonly>true</readonly>
         <executable>true</executable>
         <run_address>0x563e</run_address>
         <size>0x2</size>
         <alignment>0x2</alignment>
         <input_file_ref idref="fl-57"/>
      </object_component>
      <object_component id="oc-1c2">
         <name>.text.Stepper_Speed_loop</name>
         <load_address>0x5640</load_address>
         <readonly>true</readonly>
         <executable>true</executable>
         <run_address>0x5640</run_address>
         <size>0xa0</size>
         <alignment>0x4</alignment>
         <input_file_ref idref="fl-c"/>
      </object_component>
      <object_component id="oc-31f">
         <name>.text.Motor_Set_Duty</name>
         <load_address>0x56e0</load_address>
         <readonly>true</readonly>
         <executable>true</executable>
         <run_address>0x56e0</run_address>
         <size>0x90</size>
         <alignment>0x4</alignment>
         <input_file_ref idref="fl-a"/>
      </object_component>
      <object_component id="oc-127">
         <name>.text.Stepper_SetSpeed</name>
         <load_address>0x5770</load_address>
         <readonly>true</readonly>
         <executable>true</executable>
         <run_address>0x5770</run_address>
         <size>0x90</size>
         <alignment>0x4</alignment>
         <input_file_ref idref="fl-c"/>
      </object_component>
      <object_component id="oc-3b">
         <name>.text.UART1_IRQHandler</name>
         <load_address>0x5800</load_address>
         <readonly>true</readonly>
         <executable>true</executable>
         <run_address>0x5800</run_address>
         <size>0x90</size>
         <alignment>0x4</alignment>
         <input_file_ref idref="fl-d"/>
      </object_component>
      <object_component id="oc-40">
         <name>.text.UART2_IRQHandler</name>
         <load_address>0x5890</load_address>
         <readonly>true</readonly>
         <executable>true</executable>
         <run_address>0x5890</run_address>
         <size>0x90</size>
         <alignment>0x4</alignment>
         <input_file_ref idref="fl-d"/>
      </object_component>
      <object_component id="oc-1de">
         <name>.text.__mulsf3</name>
         <load_address>0x5920</load_address>
         <readonly>true</readonly>
         <executable>true</executable>
         <run_address>0x5920</run_address>
         <size>0x8c</size>
         <alignment>0x4</alignment>
         <input_file_ref idref="fl-10b"/>
      </object_component>
      <object_component id="oc-1d0">
         <name>.text.uartprintf_DMA</name>
         <load_address>0x59ac</load_address>
         <readonly>true</readonly>
         <executable>true</executable>
         <run_address>0x59ac</run_address>
         <size>0x88</size>
         <alignment>0x4</alignment>
         <input_file_ref idref="fl-d"/>
      </object_component>
      <object_component id="oc-7a">
         <name>.text.__aeabi_memclr</name>
         <load_address>0x5a34</load_address>
         <readonly>true</readonly>
         <executable>true</executable>
         <run_address>0x5a34</run_address>
         <size>0xc</size>
         <alignment>0x4</alignment>
         <input_file_ref idref="fl-11e"/>
      </object_component>
      <object_component id="oc-205">
         <name>.text:strcmp</name>
         <load_address>0x5a40</load_address>
         <readonly>true</readonly>
         <executable>true</executable>
         <run_address>0x5a40</run_address>
         <size>0x88</size>
         <alignment>0x10</alignment>
         <input_file_ref idref="fl-3a"/>
      </object_component>
      <object_component id="oc-369">
         <name>.text.Speed_Low_Filter</name>
         <load_address>0x5ac8</load_address>
         <readonly>true</readonly>
         <executable>true</executable>
         <run_address>0x5ac8</run_address>
         <size>0x84</size>
         <alignment>0x4</alignment>
         <input_file_ref idref="fl-a"/>
      </object_component>
      <object_component id="oc-d4">
         <name>.text.__NVIC_SetPriority</name>
         <load_address>0x5b4c</load_address>
         <readonly>true</readonly>
         <executable>true</executable>
         <run_address>0x5b4c</run_address>
         <size>0x84</size>
         <alignment>0x4</alignment>
         <input_file_ref idref="fl-1"/>
      </object_component>
      <object_component id="oc-197">
         <name>.text.__NVIC_SetPriority</name>
         <load_address>0x5bd0</load_address>
         <readonly>true</readonly>
         <executable>true</executable>
         <run_address>0x5bd0</run_address>
         <size>0x84</size>
         <alignment>0x4</alignment>
         <input_file_ref idref="fl-2"/>
      </object_component>
      <object_component id="oc-1b4">
         <name>.text.__divsf3</name>
         <load_address>0x5c54</load_address>
         <readonly>true</readonly>
         <executable>true</executable>
         <run_address>0x5c54</run_address>
         <size>0x82</size>
         <alignment>0x4</alignment>
         <input_file_ref idref="fl-10c"/>
      </object_component>
      <object_component id="oc-114">
         <name>.text.SYSCFG_DL_PWM_0_init</name>
         <load_address>0x5cd8</load_address>
         <readonly>true</readonly>
         <executable>true</executable>
         <run_address>0x5cd8</run_address>
         <size>0x80</size>
         <alignment>0x4</alignment>
         <input_file_ref idref="fl-2"/>
      </object_component>
      <object_component id="oc-aa">
         <name>.text.main</name>
         <load_address>0x5d58</load_address>
         <readonly>true</readonly>
         <executable>true</executable>
         <run_address>0x5d58</run_address>
         <size>0x80</size>
         <alignment>0x4</alignment>
         <input_file_ref idref="fl-1"/>
      </object_component>
      <object_component id="oc-143">
         <name>.text.Del_Corontine</name>
         <load_address>0x5dd8</load_address>
         <readonly>true</readonly>
         <executable>true</executable>
         <run_address>0x5dd8</run_address>
         <size>0x7c</size>
         <alignment>0x4</alignment>
         <input_file_ref idref="fl-7"/>
      </object_component>
      <object_component id="oc-13e">
         <name>.text.get_system_ticks</name>
         <load_address>0x5e54</load_address>
         <readonly>true</readonly>
         <executable>true</executable>
         <run_address>0x5e54</run_address>
         <size>0x7c</size>
         <alignment>0x4</alignment>
         <input_file_ref idref="fl-6"/>
      </object_component>
      <object_component id="oc-129">
         <name>.text.ptz_ctrl_task</name>
         <load_address>0x5ed0</load_address>
         <readonly>true</readonly>
         <executable>true</executable>
         <run_address>0x5ed0</run_address>
         <size>0x7c</size>
         <alignment>0x4</alignment>
         <input_file_ref idref="fl-4"/>
      </object_component>
      <object_component id="oc-1c">
         <name>.text:decompress:lzss</name>
         <load_address>0x5f4c</load_address>
         <readonly>true</readonly>
         <executable>true</executable>
         <run_address>0x5f4c</run_address>
         <size>0x7c</size>
         <alignment>0x4</alignment>
         <input_file_ref idref="fl-4b"/>
      </object_component>
      <object_component id="oc-2ae">
         <name>.text.Odometer_GetDistanceCm</name>
         <load_address>0x5fc8</load_address>
         <readonly>true</readonly>
         <executable>true</executable>
         <run_address>0x5fc8</run_address>
         <size>0x74</size>
         <alignment>0x4</alignment>
         <input_file_ref idref="fl-a"/>
      </object_component>
      <object_component id="oc-349">
         <name>.text.__gedf2</name>
         <load_address>0x603c</load_address>
         <readonly>true</readonly>
         <executable>true</executable>
         <run_address>0x603c</run_address>
         <size>0x74</size>
         <alignment>0x4</alignment>
         <input_file_ref idref="fl-124"/>
      </object_component>
      <object_component id="oc-1fd">
         <name>.text.__truncdfsf2</name>
         <load_address>0x60b0</load_address>
         <readonly>true</readonly>
         <executable>true</executable>
         <run_address>0x60b0</run_address>
         <size>0x74</size>
         <alignment>0x10</alignment>
         <input_file_ref idref="fl-118"/>
      </object_component>
      <object_component id="oc-29f">
         <name>.text._chkmbc</name>
         <load_address>0x6124</load_address>
         <readonly>true</readonly>
         <executable>true</executable>
         <run_address>0x6124</run_address>
         <size>0x74</size>
         <alignment>0x4</alignment>
         <input_file_ref idref="fl-37"/>
      </object_component>
      <object_component id="oc-11b">
         <name>.text.SYSCFG_DL_UART_DEBUG_init</name>
         <load_address>0x6198</load_address>
         <readonly>true</readonly>
         <executable>true</executable>
         <run_address>0x6198</run_address>
         <size>0x6c</size>
         <alignment>0x4</alignment>
         <input_file_ref idref="fl-2"/>
      </object_component>
      <object_component id="oc-da">
         <name>.text.ptz_manager_init</name>
         <load_address>0x6204</load_address>
         <readonly>true</readonly>
         <executable>true</executable>
         <run_address>0x6204</run_address>
         <size>0x6c</size>
         <alignment>0x4</alignment>
         <input_file_ref idref="fl-4"/>
      </object_component>
      <object_component id="oc-13a">
         <name>.text.__fixdfdi</name>
         <load_address>0x6270</load_address>
         <readonly>true</readonly>
         <executable>true</executable>
         <run_address>0x6270</run_address>
         <size>0x6a</size>
         <alignment>0x4</alignment>
         <input_file_ref idref="fl-10f"/>
      </object_component>
      <object_component id="oc-126">
         <name>.text.Stepper_Init</name>
         <load_address>0x62da</load_address>
         <readonly>true</readonly>
         <executable>true</executable>
         <run_address>0x62da</run_address>
         <size>0x68</size>
         <alignment>0x2</alignment>
         <input_file_ref idref="fl-c"/>
      </object_component>
      <object_component id="oc-343">
         <name>.text.__ledf2</name>
         <load_address>0x6344</load_address>
         <readonly>true</readonly>
         <executable>true</executable>
         <run_address>0x6344</run_address>
         <size>0x68</size>
         <alignment>0x4</alignment>
         <input_file_ref idref="fl-124"/>
      </object_component>
      <object_component id="oc-39b">
         <name>.text._mcpy</name>
         <load_address>0x63ac</load_address>
         <readonly>true</readonly>
         <executable>true</executable>
         <run_address>0x63ac</run_address>
         <size>0x66</size>
         <alignment>0x2</alignment>
         <input_file_ref idref="fl-4c"/>
      </object_component>
      <object_component id="oc-27f">
         <name>.text.split</name>
         <load_address>0x6414</load_address>
         <readonly>true</readonly>
         <executable>true</executable>
         <run_address>0x6414</run_address>
         <size>0x64</size>
         <alignment>0x4</alignment>
         <input_file_ref idref="fl-3f"/>
      </object_component>
      <object_component id="oc-2ef">
         <name>.text.__aeabi_dcmp</name>
         <load_address>0x6478</load_address>
         <readonly>true</readonly>
         <executable>true</executable>
         <run_address>0x6478</run_address>
         <size>0x62</size>
         <alignment>0x4</alignment>
         <input_file_ref idref="fl-119"/>
      </object_component>
      <object_component id="oc-c0">
         <name>.text.__aeabi_fcmp</name>
         <load_address>0x64dc</load_address>
         <readonly>true</readonly>
         <executable>true</executable>
         <run_address>0x64dc</run_address>
         <size>0x62</size>
         <alignment>0x4</alignment>
         <input_file_ref idref="fl-11a"/>
      </object_component>
      <object_component id="oc-144">
         <name>.text.Del_CallLater</name>
         <load_address>0x6540</load_address>
         <readonly>true</readonly>
         <executable>true</executable>
         <run_address>0x6540</run_address>
         <size>0x60</size>
         <alignment>0x4</alignment>
         <input_file_ref idref="fl-7"/>
      </object_component>
      <object_component id="oc-1dd">
         <name>.text.Kinematics_GetRotationSpeed</name>
         <load_address>0x65a0</load_address>
         <readonly>true</readonly>
         <executable>true</executable>
         <run_address>0x65a0</run_address>
         <size>0x60</size>
         <alignment>0x4</alignment>
         <input_file_ref idref="fl-a"/>
      </object_component>
      <object_component id="oc-cf">
         <name>.text.SYSCFG_DL_init</name>
         <load_address>0x6600</load_address>
         <readonly>true</readonly>
         <executable>true</executable>
         <run_address>0x6600</run_address>
         <size>0x5c</size>
         <alignment>0x4</alignment>
         <input_file_ref idref="fl-2"/>
      </object_component>
      <object_component id="oc-152">
         <name>.text.Uart_JY901S_check</name>
         <load_address>0x665c</load_address>
         <readonly>true</readonly>
         <executable>true</executable>
         <run_address>0x665c</run_address>
         <size>0x5c</size>
         <alignment>0x4</alignment>
         <input_file_ref idref="fl-d"/>
      </object_component>
      <object_component id="oc-387">
         <name>.text.frexp</name>
         <load_address>0x66b8</load_address>
         <readonly>true</readonly>
         <executable>true</executable>
         <run_address>0x66b8</run_address>
         <size>0x5c</size>
         <alignment>0x4</alignment>
         <input_file_ref idref="fl-54"/>
      </object_component>
      <object_component id="oc-d8">
         <name>.text.uart_irq_init</name>
         <load_address>0x6714</load_address>
         <readonly>true</readonly>
         <executable>true</executable>
         <run_address>0x6714</run_address>
         <size>0x5c</size>
         <alignment>0x4</alignment>
         <input_file_ref idref="fl-d"/>
      </object_component>
      <object_component id="oc-47">
         <name>.text.TIMA0_IRQHandler</name>
         <load_address>0x6770</load_address>
         <readonly>true</readonly>
         <executable>true</executable>
         <run_address>0x6770</run_address>
         <size>0x58</size>
         <alignment>0x4</alignment>
         <input_file_ref idref="fl-a"/>
      </object_component>
      <object_component id="oc-42">
         <name>.text.TIMG6_IRQHandler</name>
         <load_address>0x67c8</load_address>
         <readonly>true</readonly>
         <executable>true</executable>
         <run_address>0x67c8</run_address>
         <size>0x58</size>
         <alignment>0x4</alignment>
         <input_file_ref idref="fl-a"/>
      </object_component>
      <object_component id="oc-38f">
         <name>.text.__TI_ltoa</name>
         <load_address>0x6820</load_address>
         <readonly>true</readonly>
         <executable>true</executable>
         <run_address>0x6820</run_address>
         <size>0x58</size>
         <alignment>0x2</alignment>
         <input_file_ref idref="fl-58"/>
      </object_component>
      <object_component id="oc-37d">
         <name>.text._pconv_f</name>
         <load_address>0x6878</load_address>
         <readonly>true</readonly>
         <executable>true</executable>
         <run_address>0x6878</run_address>
         <size>0x58</size>
         <alignment>0x2</alignment>
         <input_file_ref idref="fl-4c"/>
      </object_component>
      <object_component id="oc-3a2">
         <name>.text.__aeabi_idivmod</name>
         <load_address>0x68d0</load_address>
         <readonly>true</readonly>
         <executable>true</executable>
         <run_address>0x68d0</run_address>
         <size>0x56</size>
         <alignment>0x4</alignment>
         <input_file_ref idref="fl-11b"/>
      </object_component>
      <object_component id="oc-119">
         <name>.text.SYSCFG_DL_UART_HMI_init</name>
         <load_address>0x6928</load_address>
         <readonly>true</readonly>
         <executable>true</executable>
         <run_address>0x6928</run_address>
         <size>0x54</size>
         <alignment>0x4</alignment>
         <input_file_ref idref="fl-2"/>
      </object_component>
      <object_component id="oc-11a">
         <name>.text.SYSCFG_DL_UART_RASPBERRYPI_init</name>
         <load_address>0x697c</load_address>
         <readonly>true</readonly>
         <executable>true</executable>
         <run_address>0x697c</run_address>
         <size>0x54</size>
         <alignment>0x4</alignment>
         <input_file_ref idref="fl-2"/>
      </object_component>
      <object_component id="oc-399">
         <name>.text._ecpy</name>
         <load_address>0x69d0</load_address>
         <readonly>true</readonly>
         <executable>true</executable>
         <run_address>0x69d0</run_address>
         <size>0x52</size>
         <alignment>0x2</alignment>
         <input_file_ref idref="fl-4c"/>
      </object_component>
      <object_component id="oc-328">
         <name>.text.Motor_Update_Speed</name>
         <load_address>0x6a24</load_address>
         <readonly>true</readonly>
         <executable>true</executable>
         <run_address>0x6a24</run_address>
         <size>0x50</size>
         <alignment>0x4</alignment>
         <input_file_ref idref="fl-a"/>
      </object_component>
      <object_component id="oc-db">
         <name>.text.tracking_car_init</name>
         <load_address>0x6a74</load_address>
         <readonly>true</readonly>
         <executable>true</executable>
         <run_address>0x6a74</run_address>
         <size>0x50</size>
         <alignment>0x4</alignment>
         <input_file_ref idref="fl-5"/>
      </object_component>
      <object_component id="oc-256">
         <name>.text.DL_DMA_initChannel</name>
         <load_address>0x6ac4</load_address>
         <readonly>true</readonly>
         <executable>true</executable>
         <run_address>0x6ac4</run_address>
         <size>0x4c</size>
         <alignment>0x4</alignment>
         <input_file_ref idref="fl-1c"/>
      </object_component>
      <object_component id="oc-1a2">
         <name>.text.DL_UART_setBaudRateDivisor</name>
         <load_address>0x6b10</load_address>
         <readonly>true</readonly>
         <executable>true</executable>
         <run_address>0x6b10</run_address>
         <size>0x4c</size>
         <alignment>0x4</alignment>
         <input_file_ref idref="fl-2"/>
      </object_component>
      <object_component id="oc-2d0">
         <name>.text.snprintf</name>
         <load_address>0x6b5c</load_address>
         <readonly>true</readonly>
         <executable>true</executable>
         <run_address>0x6b5c</run_address>
         <size>0x4c</size>
         <alignment>0x4</alignment>
         <input_file_ref idref="fl-35"/>
      </object_component>
      <object_component id="oc-38b">
         <name>.text.__fixdfsi</name>
         <load_address>0x6ba8</load_address>
         <readonly>true</readonly>
         <executable>true</executable>
         <run_address>0x6ba8</run_address>
         <size>0x4a</size>
         <alignment>0x4</alignment>
         <input_file_ref idref="fl-110"/>
      </object_component>
      <object_component id="oc-1a0">
         <name>.text.DL_UART_init</name>
         <load_address>0x6bf4</load_address>
         <readonly>true</readonly>
         <executable>true</executable>
         <run_address>0x6bf4</run_address>
         <size>0x48</size>
         <alignment>0x4</alignment>
         <input_file_ref idref="fl-1e"/>
      </object_component>
      <object_component id="oc-2cb">
         <name>.text.get_system_ms</name>
         <load_address>0x6c3c</load_address>
         <readonly>true</readonly>
         <executable>true</executable>
         <run_address>0x6c3c</run_address>
         <size>0x48</size>
         <alignment>0x4</alignment>
         <input_file_ref idref="fl-6"/>
      </object_component>
      <object_component id="oc-17e">
         <name>.text.DL_SYSCTL_switchMCLKfromSYSOSCtoHSCLK</name>
         <load_address>0x6c84</load_address>
         <readonly>true</readonly>
         <executable>true</executable>
         <run_address>0x6c84</run_address>
         <size>0x44</size>
         <alignment>0x4</alignment>
         <input_file_ref idref="fl-1f"/>
      </object_component>
      <object_component id="oc-151">
         <name>.text.Uart_RASPBERRYPI_check</name>
         <load_address>0x6cc8</load_address>
         <readonly>true</readonly>
         <executable>true</executable>
         <run_address>0x6cc8</run_address>
         <size>0x44</size>
         <alignment>0x4</alignment>
         <input_file_ref idref="fl-d"/>
      </object_component>
      <object_component id="oc-142">
         <name>.text.get_system_us</name>
         <load_address>0x6d0c</load_address>
         <readonly>true</readonly>
         <executable>true</executable>
         <run_address>0x6d0c</run_address>
         <size>0x44</size>
         <alignment>0x4</alignment>
         <input_file_ref idref="fl-6"/>
      </object_component>
      <object_component id="oc-2c7">
         <name>.text.__aeabi_uidivmod</name>
         <load_address>0x6d50</load_address>
         <readonly>true</readonly>
         <executable>true</executable>
         <run_address>0x6d50</run_address>
         <size>0x40</size>
         <alignment>0x4</alignment>
         <input_file_ref idref="fl-11f"/>
      </object_component>
      <object_component id="oc-132">
         <name>.text.__extendsfdf2</name>
         <load_address>0x6d90</load_address>
         <readonly>true</readonly>
         <executable>true</executable>
         <run_address>0x6d90</run_address>
         <size>0x40</size>
         <alignment>0x4</alignment>
         <input_file_ref idref="fl-10e"/>
      </object_component>
      <object_component id="oc-303">
         <name>.text.atoi</name>
         <load_address>0x6dd0</load_address>
         <readonly>true</readonly>
         <executable>true</executable>
         <run_address>0x6dd0</run_address>
         <size>0x40</size>
         <alignment>0x4</alignment>
         <input_file_ref idref="fl-5a"/>
      </object_component>
      <object_component id="oc-d9">
         <name>.text.init_cycle_counter</name>
         <load_address>0x6e10</load_address>
         <readonly>true</readonly>
         <executable>true</executable>
         <run_address>0x6e10</run_address>
         <size>0x40</size>
         <alignment>0x4</alignment>
         <input_file_ref idref="fl-6"/>
      </object_component>
      <object_component id="oc-268">
         <name>.text.vsnprintf</name>
         <load_address>0x6e50</load_address>
         <readonly>true</readonly>
         <executable>true</executable>
         <run_address>0x6e50</run_address>
         <size>0x40</size>
         <alignment>0x4</alignment>
         <input_file_ref idref="fl-36"/>
      </object_component>
      <object_component id="oc-32b">
         <name>.text.__divmoddi4</name>
         <load_address>0x6e90</load_address>
         <readonly>true</readonly>
         <executable>true</executable>
         <run_address>0x6e90</run_address>
         <size>0x3e</size>
         <alignment>0x2</alignment>
         <input_file_ref idref="fl-125"/>
      </object_component>
      <object_component id="oc-113">
         <name>.text.SYSCFG_DL_SYSCTL_init</name>
         <load_address>0x6ed0</load_address>
         <readonly>true</readonly>
         <executable>true</executable>
         <run_address>0x6ed0</run_address>
         <size>0x3c</size>
         <alignment>0x4</alignment>
         <input_file_ref idref="fl-2"/>
      </object_component>
      <object_component id="oc-118">
         <name>.text.SYSCFG_DL_TIMER_STEPPER_Y_init</name>
         <load_address>0x6f0c</load_address>
         <readonly>true</readonly>
         <executable>true</executable>
         <run_address>0x6f0c</run_address>
         <size>0x3c</size>
         <alignment>0x4</alignment>
         <input_file_ref idref="fl-2"/>
      </object_component>
      <object_component id="oc-23b">
         <name>.text.__floatsisf</name>
         <load_address>0x6f48</load_address>
         <readonly>true</readonly>
         <executable>true</executable>
         <run_address>0x6f48</run_address>
         <size>0x3c</size>
         <alignment>0x4</alignment>
         <input_file_ref idref="fl-115"/>
      </object_component>
      <object_component id="oc-10e">
         <name>.text.__gtsf2</name>
         <load_address>0x6f84</load_address>
         <readonly>true</readonly>
         <executable>true</executable>
         <run_address>0x6f84</run_address>
         <size>0x3c</size>
         <alignment>0x4</alignment>
         <input_file_ref idref="fl-121"/>
      </object_component>
      <object_component id="oc-262">
         <name>.text.calloc</name>
         <load_address>0x6fc0</load_address>
         <readonly>true</readonly>
         <executable>true</executable>
         <run_address>0x6fc0</run_address>
         <size>0x3c</size>
         <alignment>0x4</alignment>
         <input_file_ref idref="fl-3f"/>
      </object_component>
      <object_component id="oc-f0">
         <name>.text:__TI_auto_init_nobinit_nopinit</name>
         <load_address>0x6ffc</load_address>
         <readonly>true</readonly>
         <executable>true</executable>
         <run_address>0x6ffc</run_address>
         <size>0x3c</size>
         <alignment>0x4</alignment>
         <input_file_ref idref="fl-46"/>
      </object_component>
      <object_component id="oc-109">
         <name>.text.__eqsf2</name>
         <load_address>0x7038</load_address>
         <readonly>true</readonly>
         <executable>true</executable>
         <run_address>0x7038</run_address>
         <size>0x3a</size>
         <alignment>0x4</alignment>
         <input_file_ref idref="fl-121"/>
      </object_component>
      <object_component id="oc-278">
         <name>.text.__muldsi3</name>
         <load_address>0x7074</load_address>
         <readonly>true</readonly>
         <executable>true</executable>
         <run_address>0x7074</run_address>
         <size>0x3a</size>
         <alignment>0x4</alignment>
         <input_file_ref idref="fl-10a"/>
      </object_component>
      <object_component id="oc-2a7">
         <name>.text.Odometer_SetDistanceCm</name>
         <load_address>0x70b0</load_address>
         <readonly>true</readonly>
         <executable>true</executable>
         <run_address>0x70b0</run_address>
         <size>0x38</size>
         <alignment>0x4</alignment>
         <input_file_ref idref="fl-a"/>
      </object_component>
      <object_component id="oc-25c">
         <name>.text.__fixsfsi</name>
         <load_address>0x70e8</load_address>
         <readonly>true</readonly>
         <executable>true</executable>
         <run_address>0x70e8</run_address>
         <size>0x38</size>
         <alignment>0x4</alignment>
         <input_file_ref idref="fl-111"/>
      </object_component>
      <object_component id="oc-128">
         <name>.text.Stepper_SetDirection</name>
         <load_address>0x7120</load_address>
         <readonly>true</readonly>
         <executable>true</executable>
         <run_address>0x7120</run_address>
         <size>0x36</size>
         <alignment>0x2</alignment>
         <input_file_ref idref="fl-c"/>
      </object_component>
      <object_component id="oc-115">
         <name>.text.SYSCFG_DL_ENCODER1A_init</name>
         <load_address>0x7158</load_address>
         <readonly>true</readonly>
         <executable>true</executable>
         <run_address>0x7158</run_address>
         <size>0x34</size>
         <alignment>0x4</alignment>
         <input_file_ref idref="fl-2"/>
      </object_component>
      <object_component id="oc-116">
         <name>.text.SYSCFG_DL_ENCODER2A_init</name>
         <load_address>0x718c</load_address>
         <readonly>true</readonly>
         <executable>true</executable>
         <run_address>0x718c</run_address>
         <size>0x34</size>
         <alignment>0x4</alignment>
         <input_file_ref idref="fl-2"/>
      </object_component>
      <object_component id="oc-117">
         <name>.text.SYSCFG_DL_TIMER_STEPPER_X_init</name>
         <load_address>0x71c0</load_address>
         <readonly>true</readonly>
         <executable>true</executable>
         <run_address>0x71c0</run_address>
         <size>0x34</size>
         <alignment>0x4</alignment>
         <input_file_ref idref="fl-2"/>
      </object_component>
      <object_component id="oc-1b8">
         <name>.text.__fixunssfsi</name>
         <load_address>0x71f4</load_address>
         <readonly>true</readonly>
         <executable>true</executable>
         <run_address>0x71f4</run_address>
         <size>0x32</size>
         <alignment>0x4</alignment>
         <input_file_ref idref="fl-112"/>
      </object_component>
      <object_component id="oc-213">
         <name>.text.strstr</name>
         <load_address>0x7226</load_address>
         <readonly>true</readonly>
         <executable>true</executable>
         <run_address>0x7226</run_address>
         <size>0x32</size>
         <alignment>0x2</alignment>
         <input_file_ref idref="fl-42"/>
      </object_component>
      <object_component id="oc-270">
         <name>.text.DL_DMA_setTransferSize</name>
         <load_address>0x7258</load_address>
         <readonly>true</readonly>
         <executable>true</executable>
         <run_address>0x7258</run_address>
         <size>0x30</size>
         <alignment>0x4</alignment>
         <input_file_ref idref="fl-d"/>
      </object_component>
      <object_component id="oc-2b0">
         <name>.text.Motor_Set_Speed_Mps</name>
         <load_address>0x7288</load_address>
         <readonly>true</readonly>
         <executable>true</executable>
         <run_address>0x7288</run_address>
         <size>0x30</size>
         <alignment>0x4</alignment>
         <input_file_ref idref="fl-a"/>
      </object_component>
      <object_component id="oc-39a">
         <name>.text._fcpy</name>
         <load_address>0x72b8</load_address>
         <readonly>true</readonly>
         <executable>true</executable>
         <run_address>0x72b8</run_address>
         <size>0x30</size>
         <alignment>0x2</alignment>
         <input_file_ref idref="fl-4c"/>
      </object_component>
      <object_component id="oc-330">
         <name>.text._outs</name>
         <load_address>0x72e8</load_address>
         <readonly>true</readonly>
         <executable>true</executable>
         <run_address>0x72e8</run_address>
         <size>0x30</size>
         <alignment>0x2</alignment>
         <input_file_ref idref="fl-35"/>
      </object_component>
      <object_component id="oc-2dc">
         <name>.text._outs</name>
         <load_address>0x7318</load_address>
         <readonly>true</readonly>
         <executable>true</executable>
         <run_address>0x7318</run_address>
         <size>0x30</size>
         <alignment>0x2</alignment>
[...]
      <symbol id="sm-3fa">
         <name>strcmp</name>
         <value>0x5a41</value>
         <object_component_ref idref="oc-205"/>
      </symbol>
      <symbol id="sm-405">
         <name>__aeabi_errno_addr</name>
         <value>0x7e8d</value>
         <object_component_ref idref="oc-2f3"/>
      </symbol>
      <symbol id="sm-406">
         <name>__aeabi_errno</name>
         <value>0x20200fc4</value>
         <object_component_ref idref="oc-34b"/>
      </symbol>
      <symbol id="sm-410">
         <name>atof</name>
         <value>0x7e53</value>
         <object_component_ref idref="oc-1f9"/>
      </symbol>
      <symbol id="sm-437">
         <name>malloc</name>
         <value>0x7e17</value>
         <object_component_ref idref="oc-130"/>
      </symbol>
      <symbol id="sm-438">
         <name>aligned_alloc</name>
         <value>0x4549</value>
         <object_component_ref idref="oc-1eb"/>
      </symbol>
      <symbol id="sm-439">
         <name>calloc</name>
         <value>0x6fc1</value>
         <object_component_ref idref="oc-262"/>
      </symbol>
      <symbol id="sm-43a">
         <name>free</name>
         <value>0x4b55</value>
         <object_component_ref idref="oc-1f8"/>
      </symbol>
      <symbol id="sm-43b">
         <name>_sys_memory</name>
         <value>0x20200000</value>
         <object_component_ref idref="oc-2f"/>
      </symbol>
      <symbol id="sm-43c">
         <name>memalign</name>
         <value>0x4549</value>
         <object_component_ref idref="oc-1eb"/>
      </symbol>
      <symbol id="sm-446">
         <name>strncmp</name>
         <value>0x76d3</value>
         <object_component_ref idref="oc-209"/>
      </symbol>
      <symbol id="sm-44f">
         <name>strstr</name>
         <value>0x7227</value>
         <object_component_ref idref="oc-213"/>
      </symbol>
      <symbol id="sm-464">
         <name>strtod</name>
         <value>0x2509</value>
         <object_component_ref idref="oc-289"/>
      </symbol>
      <symbol id="sm-465">
         <name>strtold</name>
         <value>0x2509</value>
         <object_component_ref idref="oc-289"/>
      </symbol>
      <symbol id="sm-470">
         <name>_c_int00_noargs</name>
         <value>0x763d</value>
         <object_component_ref idref="oc-69"/>
      </symbol>
      <symbol id="sm-471">
         <name>__stack</name>
         <value>0x20207e00</value>
         <object_component_ref idref="oc-1a"/>
      </symbol>
      <symbol id="sm-480">
         <name>__TI_auto_init_nobinit_nopinit</name>
         <value>0x6ffd</value>
         <object_component_ref idref="oc-f0"/>
      </symbol>
      <symbol id="sm-488">
         <name>_system_pre_init</name>
         <value>0x7ec5</value>
         <object_component_ref idref="oc-a6"/>
      </symbol>
      <symbol id="sm-493">
         <name>__TI_zero_init</name>
         <value>0x7da5</value>
         <object_component_ref idref="oc-66"/>
      </symbol>
      <symbol id="sm-49c">
         <name>__TI_decompress_none</name>
         <value>0x7d63</value>
         <object_component_ref idref="oc-20"/>
      </symbol>
      <symbol id="sm-4a7">
         <name>__TI_decompress_lzss</name>
         <value>0x5f4d</value>
         <object_component_ref idref="oc-1c"/>
      </symbol>
      <symbol id="sm-4f0">
         <name>__TI_printfi</name>
         <value>0xc9d</value>
         <object_component_ref idref="oc-33f"/>
      </symbol>
      <symbol id="sm-518">
         <name>__TI_scanfi</name>
         <value>0xc1</value>
         <object_component_ref idref="oc-297"/>
      </symbol>
      <symbol id="sm-525">
         <name>wcslen</name>
         <value>0x7d95</value>
         <object_component_ref idref="oc-376"/>
      </symbol>
      <symbol id="sm-52f">
         <name>frexp</name>
         <value>0x66b9</value>
         <object_component_ref idref="oc-387"/>
      </symbol>
      <symbol id="sm-530">
         <name>frexpl</name>
         <value>0x66b9</value>
         <object_component_ref idref="oc-387"/>
      </symbol>
      <symbol id="sm-53a">
         <name>scalbn</name>
         <value>0x4ed9</value>
         <object_component_ref idref="oc-2f8"/>
      </symbol>
      <symbol id="sm-53b">
         <name>ldexp</name>
         <value>0x4ed9</value>
         <object_component_ref idref="oc-2f8"/>
      </symbol>
      <symbol id="sm-53c">
         <name>scalbnl</name>
         <value>0x4ed9</value>
         <object_component_ref idref="oc-2f8"/>
      </symbol>
      <symbol id="sm-53d">
         <name>ldexpl</name>
         <value>0x4ed9</value>
         <object_component_ref idref="oc-2f8"/>
      </symbol>
      <symbol id="sm-547">
         <name>abort</name>
         <value>0x7ec9</value>
         <object_component_ref idref="oc-e9"/>
      </symbol>
      <symbol id="sm-548">
         <name>C$$EXIT</name>
         <value>0x7ec8</value>
         <object_component_ref idref="oc-e9"/>
      </symbol>
      <symbol id="sm-551">
         <name>_nop</name>
         <value>0x563f</value>
         <object_component_ref idref="oc-242"/>
      </symbol>
      <symbol id="sm-552">
         <name>_lock</name>
         <value>0x20200fc8</value>
         <object_component_ref idref="oc-155"/>
      </symbol>
      <symbol id="sm-553">
         <name>_unlock</name>
         <value>0x20200fcc</value>
         <object_component_ref idref="oc-158"/>
      </symbol>
      <symbol id="sm-55c">
         <name>__TI_ltoa</name>
         <value>0x6821</value>
         <object_component_ref idref="oc-38f"/>
      </symbol>
      <symbol id="sm-567">
         <name>atoi</name>
         <value>0x6dd1</value>
         <object_component_ref idref="oc-303"/>
      </symbol>
      <symbol id="sm-570">
         <name>memccpy</name>
         <value>0x76b1</value>
         <object_component_ref idref="oc-36f"/>
      </symbol>
      <symbol id="sm-57b">
         <name>strtol</name>
         <value>0x407d</value>
         <object_component_ref idref="oc-311"/>
      </symbol>
      <symbol id="sm-586">
         <name>strtoll</name>
         <value>0x30d1</value>
         <object_component_ref idref="oc-319"/>
      </symbol>
      <symbol id="sm-591">
         <name>strtoul</name>
         <value>0x42fd</value>
         <object_component_ref idref="oc-30d"/>
      </symbol>
      <symbol id="sm-59c">
         <name>strtoull</name>
         <value>0x3af9</value>
         <object_component_ref idref="oc-315"/>
      </symbol>
      <symbol id="sm-5b4">
         <name>__aeabi_fadd</name>
         <value>0x4fbb</value>
         <object_component_ref idref="oc-bc"/>
      </symbol>
      <symbol id="sm-5b5">
         <name>__addsf3</name>
         <value>0x4fbb</value>
         <object_component_ref idref="oc-bc"/>
      </symbol>
      <symbol id="sm-5b6">
         <name>__aeabi_fsub</name>
         <value>0x4fb1</value>
         <object_component_ref idref="oc-bc"/>
      </symbol>
      <symbol id="sm-5b7">
         <name>__subsf3</name>
         <value>0x4fb1</value>
         <object_component_ref idref="oc-bc"/>
      </symbol>
      <symbol id="sm-5bd">
         <name>__aeabi_dadd</name>
         <value>0x37e3</value>
         <object_component_ref idref="oc-2b2"/>
      </symbol>
      <symbol id="sm-5be">
         <name>__adddf3</name>
         <value>0x37e3</value>
         <object_component_ref idref="oc-2b2"/>
      </symbol>
      <symbol id="sm-5bf">
         <name>__aeabi_dsub</name>
         <value>0x37d9</value>
         <object_component_ref idref="oc-2b2"/>
      </symbol>
      <symbol id="sm-5c0">
         <name>__subdf3</name>
         <value>0x37d9</value>
         <object_component_ref idref="oc-2b2"/>
      </symbol>
      <symbol id="sm-5c9">
         <name>__aeabi_dmul</name>
         <value>0x4c3d</value>
         <object_component_ref idref="oc-274"/>
      </symbol>
      <symbol id="sm-5ca">
         <name>__muldf3</name>
         <value>0x4c3d</value>
         <object_component_ref idref="oc-274"/>
      </symbol>
      <symbol id="sm-5d0">
         <name>__muldsi3</name>
         <value>0x7075</value>
         <object_component_ref idref="oc-278"/>
      </symbol>
      <symbol id="sm-5d6">
         <name>__aeabi_fmul</name>
         <value>0x5921</value>
         <object_component_ref idref="oc-1de"/>
      </symbol>
      <symbol id="sm-5d7">
         <name>__mulsf3</name>
         <value>0x5921</value>
         <object_component_ref idref="oc-1de"/>
      </symbol>
      <symbol id="sm-5dd">
         <name>__aeabi_fdiv</name>
         <value>0x5c55</value>
         <object_component_ref idref="oc-1b4"/>
      </symbol>
      <symbol id="sm-5de">
         <name>__divsf3</name>
         <value>0x5c55</value>
         <object_component_ref idref="oc-1b4"/>
      </symbol>
      <symbol id="sm-5e4">
         <name>__aeabi_ddiv</name>
         <value>0x476d</value>
         <object_component_ref idref="oc-136"/>
      </symbol>
      <symbol id="sm-5e5">
         <name>__divdf3</name>
         <value>0x476d</value>
         <object_component_ref idref="oc-136"/>
      </symbol>
      <symbol id="sm-5eb">
         <name>__aeabi_f2d</name>
         <value>0x6d91</value>
         <object_component_ref idref="oc-132"/>
      </symbol>
      <symbol id="sm-5ec">
         <name>__extendsfdf2</name>
         <value>0x6d91</value>
         <object_component_ref idref="oc-132"/>
      </symbol>
      <symbol id="sm-5f2">
         <name>__aeabi_d2lz</name>
         <value>0x6271</value>
         <object_component_ref idref="oc-13a"/>
      </symbol>
      <symbol id="sm-5f3">
         <name>__fixdfdi</name>
         <value>0x6271</value>
         <object_component_ref idref="oc-13a"/>
      </symbol>
      <symbol id="sm-5f9">
         <name>__aeabi_d2iz</name>
         <value>0x6ba9</value>
         <object_component_ref idref="oc-38b"/>
      </symbol>
      <symbol id="sm-5fa">
         <name>__fixdfsi</name>
         <value>0x6ba9</value>
         <object_component_ref idref="oc-38b"/>
      </symbol>
      <symbol id="sm-600">
         <name>__aeabi_f2iz</name>
         <value>0x70e9</value>
         <object_component_ref idref="oc-25c"/>
      </symbol>
      <symbol id="sm-601">
         <name>__fixsfsi</name>
         <value>0x70e9</value>
         <object_component_ref idref="oc-25c"/>
      </symbol>
      <symbol id="sm-607">
         <name>__aeabi_f2uiz</name>
         <value>0x71f5</value>
         <object_component_ref idref="oc-1b8"/>
      </symbol>
      <symbol id="sm-608">
         <name>__fixunssfsi</name>
         <value>0x71f5</value>
         <object_component_ref idref="oc-1b8"/>
      </symbol>
      <symbol id="sm-60e">
         <name>__aeabi_i2d</name>
         <value>0x7455</value>
         <object_component_ref idref="oc-393"/>
      </symbol>
      <symbol id="sm-60f">
         <name>__floatsidf</name>
         <value>0x7455</value>
         <object_component_ref idref="oc-393"/>
      </symbol>
      <symbol id="sm-615">
         <name>__aeabi_i2f</name>
         <value>0x6f49</value>
         <object_component_ref idref="oc-23b"/>
      </symbol>
      <symbol id="sm-616">
         <name>__floatsisf</name>
         <value>0x6f49</value>
         <object_component_ref idref="oc-23b"/>
      </symbol>
      <symbol id="sm-61c">
         <name>__aeabi_ui2f</name>
         <value>0x759d</value>
         <object_component_ref idref="oc-1bd"/>
      </symbol>
      <symbol id="sm-61d">
         <name>__floatunsisf</name>
         <value>0x759d</value>
         <object_component_ref idref="oc-1bd"/>
      </symbol>
      <symbol id="sm-623">
         <name>__aeabi_lmul</name>
         <value>0x768d</value>
         <object_component_ref idref="oc-1ef"/>
      </symbol>
      <symbol id="sm-624">
         <name>__muldi3</name>
         <value>0x768d</value>
         <object_component_ref idref="oc-1ef"/>
      </symbol>
      <symbol id="sm-62b">
         <name>__aeabi_d2f</name>
         <value>0x60b1</value>
         <object_component_ref idref="oc-1fd"/>
      </symbol>
      <symbol id="sm-62c">
         <name>__truncdfsf2</name>
         <value>0x60b1</value>
         <object_component_ref idref="oc-1fd"/>
      </symbol>
      <symbol id="sm-632">
         <name>__aeabi_dcmpeq</name>
         <value>0x6479</value>
         <object_component_ref idref="oc-2ef"/>
      </symbol>
      <symbol id="sm-633">
         <name>__aeabi_dcmplt</name>
         <value>0x648d</value>
         <object_component_ref idref="oc-2ef"/>
      </symbol>
      <symbol id="sm-634">
         <name>__aeabi_dcmple</name>
         <value>0x64a1</value>
         <object_component_ref idref="oc-2ef"/>
      </symbol>
      <symbol id="sm-635">
         <name>__aeabi_dcmpge</name>
         <value>0x64b5</value>
         <object_component_ref idref="oc-2ef"/>
      </symbol>
      <symbol id="sm-636">
         <name>__aeabi_dcmpgt</name>
         <value>0x64c9</value>
         <object_component_ref idref="oc-2ef"/>
      </symbol>
      <symbol id="sm-63f">
         <name>__aeabi_fcmpeq</name>
         <value>0x64dd</value>
         <object_component_ref idref="oc-c0"/>
      </symbol>
      <symbol id="sm-640">
         <name>__aeabi_fcmplt</name>
         <value>0x64f1</value>
         <object_component_ref idref="oc-c0"/>
      </symbol>
      <symbol id="sm-641">
         <name>__aeabi_fcmple</name>
         <value>0x6505</value>
         <object_component_ref idref="oc-c0"/>
      </symbol>
      <symbol id="sm-642">
         <name>__aeabi_fcmpge</name>
         <value>0x6519</value>
         <object_component_ref idref="oc-c0"/>
      </symbol>
      <symbol id="sm-643">
         <name>__aeabi_fcmpgt</name>
         <value>0x652d</value>
         <object_component_ref idref="oc-c0"/>
      </symbol>
      <symbol id="sm-649">
         <name>__aeabi_idiv</name>
         <value>0x68d1</value>
         <object_component_ref idref="oc-3a2"/>
      </symbol>
      <symbol id="sm-64a">
         <name>__aeabi_idivmod</name>
         <value>0x68d1</value>
         <object_component_ref idref="oc-3a2"/>
      </symbol>
      <symbol id="sm-650">
         <name>__aeabi_ldivmod</name>
         <value>0x7cb9</value>
         <object_component_ref idref="oc-2cc"/>
      </symbol>
      <symbol id="sm-656">
         <name>__aeabi_memcpy</name>
         <value>0x7e95</value>
         <object_component_ref idref="oc-59"/>
      </symbol>
      <symbol id="sm-657">
         <name>__aeabi_memcpy4</name>
         <value>0x7e95</value>
         <object_component_ref idref="oc-59"/>
      </symbol>
      <symbol id="sm-658">
         <name>__aeabi_memcpy8</name>
         <value>0x7e95</value>
         <object_component_ref idref="oc-59"/>
      </symbol>
      <symbol id="sm-661">
         <name>__aeabi_memset</name>
         <value>0x7ded</value>
         <object_component_ref idref="oc-36e"/>
      </symbol>
      <symbol id="sm-662">
         <name>__aeabi_memset4</name>
         <value>0x7ded</value>
         <object_component_ref idref="oc-36e"/>
      </symbol>
      <symbol id="sm-663">
         <name>__aeabi_memset8</name>
         <value>0x7ded</value>
         <object_component_ref idref="oc-36e"/>
      </symbol>
      <symbol id="sm-664">
         <name>__aeabi_memclr</name>
         <value>0x5a35</value>
         <object_component_ref idref="oc-7a"/>
      </symbol>
      <symbol id="sm-665">
         <name>__aeabi_memclr4</name>
         <value>0x5a35</value>
         <object_component_ref idref="oc-7a"/>
      </symbol>
      <symbol id="sm-666">
         <name>__aeabi_memclr8</name>
         <value>0x5a35</value>
         <object_component_ref idref="oc-7a"/>
      </symbol>
      <symbol id="sm-66c">
         <name>__aeabi_uidiv</name>
         <value>0x6d51</value>
         <object_component_ref idref="oc-2c7"/>
      </symbol>
      <symbol id="sm-66d">
         <name>__aeabi_uidivmod</name>
         <value>0x6d51</value>
         <object_component_ref idref="oc-2c7"/>
      </symbol>
      <symbol id="sm-673">
         <name>__aeabi_uldivmod</name>
         <value>0x7ccd</value>
         <object_component_ref idref="oc-1f3"/>
      </symbol>
      <symbol id="sm-67c">
         <name>__eqsf2</name>
         <value>0x7039</value>
         <object_component_ref idref="oc-109"/>
      </symbol>
      <symbol id="sm-67d">
         <name>__lesf2</name>
         <value>0x7039</value>
         <object_component_ref idref="oc-109"/>
      </symbol>
      <symbol id="sm-67e">
         <name>__ltsf2</name>
         <value>0x7039</value>
         <object_component_ref idref="oc-109"/>
      </symbol>
      <symbol id="sm-67f">
         <name>__nesf2</name>
         <value>0x7039</value>
         <object_component_ref idref="oc-109"/>
      </symbol>
      <symbol id="sm-680">
         <name>__cmpsf2</name>
         <value>0x7039</value>
         <object_component_ref idref="oc-109"/>
      </symbol>
      <symbol id="sm-681">
         <name>__gtsf2</name>
         <value>0x6f85</value>
         <object_component_ref idref="oc-10e"/>
      </symbol>
      <symbol id="sm-682">
         <name>__gesf2</name>
         <value>0x6f85</value>
         <object_component_ref idref="oc-10e"/>
      </symbol>
      <symbol id="sm-688">
         <name>__udivmoddi4</name>
         <value>0x559d</value>
         <object_component_ref idref="oc-283"/>
      </symbol>
      <symbol id="sm-68e">
         <name>__aeabi_llsl</name>
         <value>0x7775</value>
         <object_component_ref idref="oc-2e8"/>
      </symbol>
      <symbol id="sm-68f">
         <name>__ashldi3</name>
         <value>0x7775</value>
         <object_component_ref idref="oc-2e8"/>
      </symbol>
      <symbol id="sm-69d">
         <name>__ledf2</name>
         <value>0x6345</value>
         <object_component_ref idref="oc-343"/>
      </symbol>
      <symbol id="sm-69e">
         <name>__gedf2</name>
         <value>0x603d</value>
         <object_component_ref idref="oc-349"/>
      </symbol>
      <symbol id="sm-69f">
         <name>__cmpdf2</name>
         <value>0x6345</value>
         <object_component_ref idref="oc-343"/>
      </symbol>
      <symbol id="sm-6a0">
         <name>__eqdf2</name>
         <value>0x6345</value>
         <object_component_ref idref="oc-343"/>
      </symbol>
      <symbol id="sm-6a1">
         <name>__ltdf2</name>
         <value>0x6345</value>
         <object_component_ref idref="oc-343"/>
      </symbol>
      <symbol id="sm-6a2">
         <name>__nedf2</name>
         <value>0x6345</value>
         <object_component_ref idref="oc-343"/>
      </symbol>
      <symbol id="sm-6a3">
         <name>__gtdf2</name>
         <value>0x603d</value>
         <object_component_ref idref="oc-349"/>
      </symbol>
      <symbol id="sm-6ac">
         <name>__divmoddi4</name>
         <value>0x6e91</value>
         <object_component_ref idref="oc-32b"/>
      </symbol>
      <symbol id="sm-6b8">
         <name>__aeabi_idiv0</name>
         <value>0x396b</value>
         <object_component_ref idref="oc-329"/>
      </symbol>
      <symbol id="sm-6b9">
         <name>__aeabi_ldiv0</name>
         <value>0x3dcb</value>
         <object_component_ref idref="oc-2e2"/>
      </symbol>
      <symbol id="sm-6c3">
         <name>TI_memcpy_small</name>
         <value>0x7d51</value>
         <object_component_ref idref="oc-c7"/>
      </symbol>
      <symbol id="sm-6cc">
         <name>TI_memset_small</name>
         <value>0x7e09</value>
         <object_component_ref idref="oc-102"/>
      </symbol>
      <symbol id="sm-6cd">
         <name>__TI_static_base__</name>
         <value>0x0</value>
      </symbol>
      <symbol id="sm-6d1">
         <name>__mpu_init</name>
         <value>0x0</value>
      </symbol>
      <symbol id="sm-6d2">
         <name>_system_post_cinit</name>
         <value>0x0</value>
      </symbol>
   </symbol_table>
   <title>Link successful</title>
</link_info>
