******************************************************************************
            TI ARM Clang Linker PC v4.0.0                      
******************************************************************************
>> Linked Sat Aug  2 19:46:24 2025

OUTPUT FILE NAME:   <empty_LP_MSPM0G3507_nortos_ticlang.out>
ENTRY POINT SYMBOL: "_c_int00_noargs"  address: 0000763d


MEMORY CONFIGURATION

         name            origin    length      used     unused   attr    fill
----------------------  --------  ---------  --------  --------  ----  --------
  FLASH                 00000000   00020000  00008530  00017ad0  R  X
  SRAM                  20200000   00008000  00001213  00006ded  RW X
  BCR_CONFIG            41c00000   00000080  00000000  00000080  R   
  BSL_CONFIG            41c00100   00000080  00000000  00000080  R   


SEGMENT ALLOCATION MAP

run origin  load origin   length   init length attrs members
----------  ----------- ---------- ----------- ----- -------
00000000    00000000    00008530   00008530    r-x
  00000000    00000000    000000c0   000000c0    r-- .intvecs
  000000c0    000000c0    00007e10   00007e10    r-x .text
  00007ed0    00007ed0    00000590   00000590    r-- .rodata
  00008460    00008460    000000d0   000000d0    r-- .cinit
20200000    20200000    00001018   00000000    rw-
  20200000    20200000    00000800   00000000    rw- .sysmem
  20200800    20200800    00000613   00000000    rw- .bss
  20200e18    20200e18    00000200   00000000    rw- .data
20207e00    20207e00    00000200   00000000    rw-
  20207e00    20207e00    00000200   00000000    rw- .stack


SECTION ALLOCATION MAP

 output                                  attributes/
section   page    origin      length       input sections
--------  ----  ----------  ----------   ----------------
.intvecs   0    00000000    000000c0     
                  00000000    000000c0     startup_mspm0g350x_ticlang.o (.intvecs)

.text      0    000000c0    00007e10     
                  000000c0    00000bdc     libc.a : _scanfi.c.obj (.text.__TI_scanfi)
                  00000c9c    000009d0            : _printfi.c.obj (.text:__TI_printfi)
                  0000166c    0000061c     tracking_car.o (.text.car_circle_task_1)
                  00001c88    000004a4     tracking_car.o (.text.car_circle_task)
                  0000212c    000003dc     scheduler.o (.text.Scheduler_Run)
                  00002508    000003b8     libc.a : strtod.c.obj (.text.strtod)
                  000028c0    0000038c     uart.o (.text.Uart_HMI_check)
                  00002c4c    00000264     ptz.o (.text.ptz_scan_task)
                  00002eb0    00000220     libc.a : _printfi.c.obj (.text._pconv_a)
                  000030d0    000001e0            : strtoll.c.obj (.text.strtoll)
                  000032b0    000001dc            : _printfi.c.obj (.text._pconv_g)
                  0000348c    000001ac     tracking_car.o (.text.master_control_task)
                  00003638    000001a0     scheduler.o (.text.Add_SchTask)
                  000037d8    00000192     libclang_rt.builtins.a : adddf3.S.obj (.text.adddf3_subdf3)
                  0000396a    00000002                            : aeabi_div0.c.obj (.text.__aeabi_idiv0)
                  0000396c    0000018c     uart.o (.text.Uart_DEBUG_check)
                  00003af8    0000016c     libc.a : strtoull.c.obj (.text.strtoull)
                  00003c64    00000166     motor.o (.text.PID_Realize)
                  00003dca    00000002     libclang_rt.builtins.a : aeabi_div0.c.obj (.text.__aeabi_ldiv0)
                  00003dcc    0000015c     gray_sensor.o (.text.Gray_Senor_Get_State)
                  00003f28    00000154     ti_msp_dl_config.o (.text.SYSCFG_DL_GPIO_init)
                  0000407c    00000144     libc.a : strtol.c.obj (.text.strtol)
                  000041c0    0000013c            : _printfi.c.obj (.text.fcvt)
                  000042fc    0000012c            : strtoul.c.obj (.text.strtoul)
                  00004428    00000120            : _printfi.c.obj (.text._pconv_e)
                  00004548    00000114            : memory.c.obj (.text.aligned_alloc)
                  0000465c    00000110     driverlib.a : dl_timer.o (.text.DL_Timer_initCaptureMode)
                  0000476c    0000010c     libclang_rt.builtins.a : divdf3.S.obj (.text.__divdf3)
                  00004878    0000010c     log.o (.text.log_output)
                  00004984    000000e8     driverlib.a : dl_timer.o (.text.DL_Timer_initTimerMode)
                  00004a6c    000000e8     stepper.o (.text.Stepper_TimerCallback)
                  00004b54    000000e8     libc.a : memory.c.obj (.text.free)
                  00004c3c    000000e4     libclang_rt.builtins.a : muldf3.S.obj (.text.__muldf3)
                  00004d20    000000dc     driverlib.a : dl_sysctl_mspm0g1x0x_g3x0x.o (.text.DL_SYSCTL_configSYSPLL)
                  00004dfc    000000dc     stepper.o (.text.Stepper_MoveToAngle)
                  00004ed8    000000d8     libc.a : s_scalbn.c.obj (.text.scalbn)
                  00004fb0    000000d8     libclang_rt.builtins.a : addsf3.S.obj (.text)
                  00005088    000000c8     gray_sensor.o (.text.Gray_Senor_Get_Turn)
                  00005150    000000c4     scheduler.o (.text.Add_Corontine)
                  00005214    000000c4     driverlib.a : dl_timer.o (.text.DL_Timer_initPWMMode)
                  000052d8    000000c4     ti_msp_dl_config.o (.text.SYSCFG_DL_initPower)
                  0000539c    000000ac     uart.o (.text.UART0_IRQHandler)
                  00005448    000000ac     motor.o (.text.motor_Init)
                  000054f4    000000a8     ptz.o (.text.pid_complete_corounite)
                  0000559c    000000a2     libclang_rt.builtins.a : udivmoddi4.S.obj (.text)
                  0000563e    00000002     libc.a : _lock.c.obj (.text._nop)
                  00005640    000000a0     stepper.o (.text.Stepper_Speed_loop)
                  000056e0    00000090     motor.o (.text.Motor_Set_Duty)
                  00005770    00000090     stepper.o (.text.Stepper_SetSpeed)
                  00005800    00000090     uart.o (.text.UART1_IRQHandler)
                  00005890    00000090     uart.o (.text.UART2_IRQHandler)
                  00005920    0000008c     libclang_rt.builtins.a : mulsf3.S.obj (.text.__mulsf3)
                  000059ac    00000088     uart.o (.text.uartprintf_DMA)
                  00005a34    0000000c     libclang_rt.builtins.a : aeabi_memset.S.obj (.text.__aeabi_memclr)
                  00005a40    00000088     libc.a : strcmp-armv6m.S.obj (.text:strcmp)
                  00005ac8    00000084     motor.o (.text.Speed_Low_Filter)
                  00005b4c    00000084     empty.o (.text.__NVIC_SetPriority)
                  00005bd0    00000084     ti_msp_dl_config.o (.text.__NVIC_SetPriority)
                  00005c54    00000082     libclang_rt.builtins.a : divsf3.S.obj (.text.__divsf3)
                  00005cd6    00000002     --HOLE-- [fill = 0]
                  00005cd8    00000080     ti_msp_dl_config.o (.text.SYSCFG_DL_PWM_0_init)
                  00005d58    00000080     empty.o (.text.main)
                  00005dd8    0000007c     scheduler.o (.text.Del_Corontine)
                  00005e54    0000007c     perf_counter.o (.text.get_system_ticks)
                  00005ed0    0000007c     ptz.o (.text.ptz_ctrl_task)
                  00005f4c    0000007c     libc.a : copy_decompress_lzss.c.obj (.text:decompress:lzss)
                  00005fc8    00000074     motor.o (.text.Odometer_GetDistanceCm)
                  0000603c    00000074     libclang_rt.builtins.a : comparedf2.c.obj (.text.__gedf2)
                  000060b0    00000074                            : truncdfsf2.S.obj (.text.__truncdfsf2)
                  00006124    00000074     libc.a : sscanf.c.obj (.text._chkmbc)
                  00006198    0000006c     ti_msp_dl_config.o (.text.SYSCFG_DL_UART_DEBUG_init)
                  00006204    0000006c     ptz.o (.text.ptz_manager_init)
                  00006270    0000006a     libclang_rt.builtins.a : fixdfdi.S.obj (.text.__fixdfdi)
                  000062da    00000068     stepper.o (.text.Stepper_Init)
                  00006342    00000002     --HOLE-- [fill = 0]
                  00006344    00000068     libclang_rt.builtins.a : comparedf2.c.obj (.text.__ledf2)
                  000063ac    00000066     libc.a : _printfi.c.obj (.text._mcpy)
                  00006412    00000002     --HOLE-- [fill = 0]
                  00006414    00000064            : memory.c.obj (.text.split)
                  00006478    00000062     libclang_rt.builtins.a : aeabi_dcmp.S.obj (.text.__aeabi_dcmp)
                  000064da    00000002     --HOLE-- [fill = 0]
                  000064dc    00000062                            : aeabi_fcmp.S.obj (.text.__aeabi_fcmp)
                  0000653e    00000002     --HOLE-- [fill = 0]
                  00006540    00000060     scheduler.o (.text.Del_CallLater)
                  000065a0    00000060     motor.o (.text.Kinematics_GetRotationSpeed)
                  00006600    0000005c     ti_msp_dl_config.o (.text.SYSCFG_DL_init)
                  0000665c    0000005c     uart.o (.text.Uart_JY901S_check)
                  000066b8    0000005c     libc.a : s_frexp.c.obj (.text.frexp)
                  00006714    0000005c     uart.o (.text.uart_irq_init)
                  00006770    00000058     motor.o (.text.TIMA0_IRQHandler)
                  000067c8    00000058     motor.o (.text.TIMG6_IRQHandler)
                  00006820    00000058     libc.a : _ltoa.c.obj (.text.__TI_ltoa)
                  00006878    00000058            : _printfi.c.obj (.text._pconv_f)
                  000068d0    00000056     libclang_rt.builtins.a : aeabi_idivmod.S.obj (.text.__aeabi_idivmod)
                  00006926    00000002     --HOLE-- [fill = 0]
                  00006928    00000054     ti_msp_dl_config.o (.text.SYSCFG_DL_UART_HMI_init)
                  0000697c    00000054     ti_msp_dl_config.o (.text.SYSCFG_DL_UART_RASPBERRYPI_init)
                  000069d0    00000052     libc.a : _printfi.c.obj (.text._ecpy)
                  00006a22    00000002     --HOLE-- [fill = 0]
                  00006a24    00000050     motor.o (.text.Motor_Update_Speed)
                  00006a74    00000050     tracking_car.o (.text.tracking_car_init)
                  00006ac4    0000004c     driverlib.a : dl_dma.o (.text.DL_DMA_initChannel)
                  00006b10    0000004c     ti_msp_dl_config.o (.text.DL_UART_setBaudRateDivisor)
                  00006b5c    0000004c     libc.a : snprintf.c.obj (.text.snprintf)
                  00006ba8    0000004a     libclang_rt.builtins.a : fixdfsi.S.obj (.text.__fixdfsi)
                  00006bf2    00000002     --HOLE-- [fill = 0]
                  00006bf4    00000048     driverlib.a : dl_uart.o (.text.DL_UART_init)
                  00006c3c    00000048     perf_counter.o (.text.get_system_ms)
                  00006c84    00000044     driverlib.a : dl_sysctl_mspm0g1x0x_g3x0x.o (.text.DL_SYSCTL_switchMCLKfromSYSOSCtoHSCLK)
                  00006cc8    00000044     uart.o (.text.Uart_RASPBERRYPI_check)
                  00006d0c    00000044     perf_counter.o (.text.get_system_us)
                  00006d50    00000040     libclang_rt.builtins.a : aeabi_uidivmod.S.obj (.text.__aeabi_uidivmod)
                  00006d90    00000040                            : extendsfdf2.S.obj (.text.__extendsfdf2)
                  00006dd0    00000040     libc.a : atoi.c.obj (.text.atoi)
                  00006e10    00000040     perf_counter.o (.text.init_cycle_counter)
                  00006e50    00000040     libc.a : vsnprintf.c.obj (.text.vsnprintf)
                  00006e90    0000003e     libclang_rt.builtins.a : divmoddi4.c.obj (.text.__divmoddi4)
                  00006ece    00000002     --HOLE-- [fill = 0]
                  00006ed0    0000003c     ti_msp_dl_config.o (.text.SYSCFG_DL_SYSCTL_init)
                  00006f0c    0000003c     ti_msp_dl_config.o (.text.SYSCFG_DL_TIMER_STEPPER_Y_init)
                  00006f48    0000003c     libclang_rt.builtins.a : floatsisf.S.obj (.text.__floatsisf)
                  00006f84    0000003c                            : comparesf2.S.obj (.text.__gtsf2)
                  00006fc0    0000003c     libc.a : memory.c.obj (.text.calloc)
                  00006ffc    0000003c            : autoinit.c.obj (.text:__TI_auto_init_nobinit_nopinit)
                  00007038    0000003a     libclang_rt.builtins.a : comparesf2.S.obj (.text.__eqsf2)
                  00007072    00000002     --HOLE-- [fill = 0]
                  00007074    0000003a                            : muldsi3.S.obj (.text.__muldsi3)
                  000070ae    00000002     --HOLE-- [fill = 0]
                  000070b0    00000038     motor.o (.text.Odometer_SetDistanceCm)
                  000070e8    00000038     libclang_rt.builtins.a : fixsfsi.S.obj (.text.__fixsfsi)
                  00007120    00000036     stepper.o (.text.Stepper_SetDirection)
                  00007156    00000002     --HOLE-- [fill = 0]
                  00007158    00000034     ti_msp_dl_config.o (.text.SYSCFG_DL_ENCODER1A_init)
                  0000718c    00000034     ti_msp_dl_config.o (.text.SYSCFG_DL_ENCODER2A_init)
                  000071c0    00000034     ti_msp_dl_config.o (.text.SYSCFG_DL_TIMER_STEPPER_X_init)
                  000071f4    00000032     libclang_rt.builtins.a : fixunssfsi.S.obj (.text.__fixunssfsi)
                  00007226    00000032     libc.a : strstr.c.obj (.text.strstr)
                  00007258    00000030     uart.o (.text.DL_DMA_setTransferSize)
                  00007288    00000030     motor.o (.text.Motor_Set_Speed_Mps)
                  000072b8    00000030     libc.a : _printfi.c.obj (.text._fcpy)
                  000072e8    00000030            : snprintf.c.obj (.text._outs)
                  00007318    00000030            : vsnprintf.c.obj (.text._outs)
                  00007348    00000030            : sscanf.c.obj (.text.sscanf)
                  00007378    0000002c     ptz.o (.text.TIMA1_IRQHandler)
                  000073a4    0000002c     ptz.o (.text.TIMG7_IRQHandler)
                  000073d0    0000002c     uart.o (.text.__NVIC_ClearPendingIRQ)
                  000073fc    0000002c     empty.o (.text.__NVIC_EnableIRQ)
                  00007428    0000002c     uart.o (.text.__NVIC_EnableIRQ)
                  00007454    0000002c     libclang_rt.builtins.a : floatsidf.S.obj (.text.__floatsidf)
                  00007480    0000002c     motor.o (.text.convert_rpm_to_mps)
                  000074ac    00000028     ti_msp_dl_config.o (.text.DL_Common_updateReg)
                  000074d4    00000028     uart.o (.text.DL_DMA_setDestAddr)
                  000074fc    00000028     uart.o (.text.DL_DMA_setSrcAddr)
                  00007524    00000028     ti_msp_dl_config.o (.text.DL_UART_setRXFIFOThreshold)
                  0000754c    00000028     ti_msp_dl_config.o (.text.DL_UART_setTXFIFOThreshold)
                  00007574    00000028     motor.o (.text.Motor_Set_Speed)
                  0000759c    00000028     libclang_rt.builtins.a : floatunsisf.S.obj (.text.__floatunsisf)
                  000075c4    00000028     libc.a : memory.c.obj (.text.free_list_insert)
                  000075ec    00000028     log.o (.text.log_debug)
                  00007614    00000028     log.o (.text.log_info)
                  0000763c    00000028     libc.a : boot_cortex_m.c.obj (.text:_c_int00_noargs)
                  00007664    00000026     uart.o (.text.DL_DMA_enableChannel)
                  0000768a    00000002     --HOLE-- [fill = 0]
                  0000768c    00000024     libclang_rt.builtins.a : muldi3.S.obj (.text.__muldi3)
                  000076b0    00000022     libc.a : memccpy.c.obj (.text.memccpy)
                  000076d2    00000022            : strncmp.c.obj (.text.strncmp)
                  000076f4    00000020     ti_msp_dl_config.o (.text.DL_GPIO_initPeripheralInputFunction)
                  00007714    00000020     ti_msp_dl_config.o (.text.DL_SYSCTL_setFlashWaitState)
                  00007734    00000020     motor.o (.text.Motor_Stop)
                  00007754    0000001e     ti_msp_dl_config.o (.text.DL_UART_setOversampling)
                  00007772    00000002     --HOLE-- [fill = 0]
                  00007774    0000001e     libclang_rt.builtins.a : ashldi3.S.obj (.text.__ashldi3)
                  00007792    00000002     --HOLE-- [fill = 0]
                  00007794    0000001c     ti_msp_dl_config.o (.text.DL_GPIO_initDigitalInput)
                  000077b0    0000001c     ti_msp_dl_config.o (.text.DL_GPIO_initPeripheralOutputFunction)
                  000077cc    0000001c     ti_msp_dl_config.o (.text.DL_SYSCTL_setSYSOSCFreq)
                  000077e8    0000001c     ti_msp_dl_config.o (.text.DL_SYSCTL_setULPCLKDivider)
                  00007804    0000001c     ti_msp_dl_config.o (.text.DL_Timer_enableInterrupt)
                  00007820    0000001c     driverlib.a : dl_timer.o (.text.DL_Timer_setCaptCompUpdateMethod)
                  0000783c    0000001c                 : dl_timer.o (.text.DL_Timer_setClockConfig)
                  00007858    0000001c     ti_msp_dl_config.o (.text.DL_UART_enableInterrupt)
                  00007874    0000001c     uart.o (.text.DL_UART_enableInterrupt)
                  00007890    0000001c     libc.a : memory.c.obj (.text.free_list_remove)
                  000078ac    0000001a     motor.o (.text.Odometer_Reset)
                  000078c6    00000002     --HOLE-- [fill = 0]
                  000078c8    00000018     ti_msp_dl_config.o (.text.DL_GPIO_enableOutput)
                  000078e0    00000018     ti_msp_dl_config.o (.text.DL_GPIO_enablePower)
                  000078f8    00000018     ti_msp_dl_config.o (.text.DL_GPIO_initDigitalOutput)
                  00007910    00000018     ti_msp_dl_config.o (.text.DL_GPIO_reset)
                  00007928    00000018     motor.o (.text.DL_GPIO_setPins)
                  00007940    00000018     ti_msp_dl_config.o (.text.DL_GPIO_setPins)
                  00007958    00000018     stepper.o (.text.DL_GPIO_togglePins)
                  00007970    00000018     ti_msp_dl_config.o (.text.DL_SYSCTL_setBORThreshold)
                  00007988    00000018     ptz.o (.text.DL_Timer_clearInterruptStatus)
                  000079a0    00000018     ti_msp_dl_config.o (.text.DL_Timer_enablePower)
                  000079b8    00000018     ti_msp_dl_config.o (.text.DL_Timer_reset)
                  000079d0    00000018     driverlib.a : dl_timer.o (.text.DL_Timer_setCaptureCompareOutCtl)
                  000079e8    00000018     stepper.o (.text.DL_Timer_setLoadValue)
                  00007a00    00000018     empty.o (.text.DL_Timer_startCounter)
                  00007a18    00000018     motor.o (.text.DL_Timer_startCounter)
                  00007a30    00000018     stepper.o (.text.DL_Timer_startCounter)
                  00007a48    00000018     stepper.o (.text.DL_Timer_stopCounter)
                  00007a60    00000018     ti_msp_dl_config.o (.text.DL_UART_enableDMATransmitEvent)
                  00007a78    00000018     ti_msp_dl_config.o (.text.DL_UART_enableFIFOs)
                  00007a90    00000018     ti_msp_dl_config.o (.text.DL_UART_enablePower)
                  00007aa8    00000018     ti_msp_dl_config.o (.text.DL_UART_reset)
                  00007ac0    00000018     ti_msp_dl_config.o (.text.SYSCFG_DL_DMA_CH0_init)
                  00007ad8    00000018     perf_counter.o (.text.SysTick_Handler)
                  00007af0    00000018     libc.a : snprintf.c.obj (.text._outc)
                  00007b08    00000018            : vsnprintf.c.obj (.text._outc)
                  00007b20    00000016     gray_sensor.o (.text.DL_GPIO_readPins)
                  00007b36    00000016     motor.o (.text.DL_GPIO_readPins)
                  00007b4c    00000016     ti_msp_dl_config.o (.text.DL_UART_enable)
                  00007b62    00000014     motor.o (.text.DL_GPIO_clearPins)
                  00007b76    00000014     ptz.o (.text.DL_GPIO_clearPins)
                  00007b8a    00000014     stepper.o (.text.DL_GPIO_clearPins)
                  00007b9e    00000014     ti_msp_dl_config.o (.text.DL_GPIO_clearPins)
                  00007bb2    00000014     tracking_car.o (.text.DL_GPIO_clearPins)
                  00007bc6    00000014     uart.o (.text.DL_GPIO_clearPins)
                  00007bda    00000014     empty.o (.text.DL_GPIO_writePins)
                  00007bee    00000014     ptz.o (.text.DL_GPIO_writePins)
                  00007c02    00000014     stepper.o (.text.DL_GPIO_writePins)
                  00007c16    00000014     tracking_car.o (.text.DL_GPIO_writePins)
                  00007c2a    00000014     uart.o (.text.DL_GPIO_writePins)
                  00007c3e    00000002     --HOLE-- [fill = 0]
                  00007c40    00000014     ti_msp_dl_config.o (.text.DL_SYSCTL_disableSYSPLL)
                  00007c54    00000014     ti_msp_dl_config.o (.text.DL_Timer_enableClock)
                  00007c68    00000014     ti_msp_dl_config.o (.text.DL_Timer_setCCPDirection)
                  00007c7c    00000014     uart.o (.text.DL_UART_receiveData)
                  00007c90    00000014     stepper.o (.text.Stepper_Stop)
                  00007ca4    00000014     uart.o (.text.Uart_check)
                  00007cb8    00000014     libclang_rt.builtins.a : aeabi_ldivmod.S.obj (.text.__aeabi_ldivmod)
                  00007ccc    00000014                            : aeabi_uldivmod.S.obj (.text.__aeabi_uldivmod)
                  00007ce0    00000014     libc.a : sscanf.c.obj (.text._inpchar)
                  00007cf4    00000014            : _printfi.c.obj (.text.strchr)
                  00007d08    00000012     motor.o (.text.DL_Timer_getPendingInterrupt)
                  00007d1a    00000012     ptz.o (.text.DL_Timer_getPendingInterrupt)
                  00007d2c    00000012     uart.o (.text.DL_UART_getPendingInterrupt)
                  00007d3e    00000012     driverlib.a : dl_uart.o (.text.DL_UART_setClockConfig)
                  00007d50    00000012     libc.a : memcpy16.S.obj (.text:TI_memcpy_small)
                  00007d62    00000012            : copy_decompress_none.c.obj (.text:decompress:none)
                  00007d74    00000010     ti_msp_dl_config.o (.text.DL_SYSCTL_disableHFXT)
                  00007d84    00000010     driverlib.a : dl_timer.o (.text.DL_Timer_setCaptureCompareValue)
                  00007d94    00000010     libc.a : wcslen.c.obj (.text.wcslen)
                  00007da4    00000010            : copy_zero_init.c.obj (.text:decompress:ZI)
                  00007db4    0000000e            : memory.c.obj (.text.OUTLINED_FUNCTION_0)
                  00007dc2    0000000e            : _scanfi.c.obj (.text.OUTLINED_FUNCTION_1)
                  00007dd0    0000000e            : _scanfi.c.obj (.text.OUTLINED_FUNCTION_2)
                  00007dde    0000000e            : _scanfi.c.obj (.text.OUTLINED_FUNCTION_4)
                  00007dec    0000000e     libclang_rt.builtins.a : aeabi_memset.S.obj (.text.__aeabi_memset)
                  00007dfa    0000000e     libc.a : _printfi.c.obj (.text.strlen)
                  00007e08    0000000e            : memset16.S.obj (.text:TI_memset_small)
                  00007e16    0000000c            : memory.c.obj (.text.malloc)
                  00007e22    0000000a     driverlib.a : dl_common.o (.text.DL_Common_delayCycles)
                  00007e2c    0000000a     libc.a : _printfi.c.obj (.text.OUTLINED_FUNCTION_0)
                  00007e36    00000002     --HOLE-- [fill = 0]
                  00007e38    00000010     libclang_rt.builtins.a : adddf3.S.obj (.tramp.__aeabi_dsub.1)
                  00007e48    0000000a     libc.a : _printfi.c.obj (.text.OUTLINED_FUNCTION_1)
                  00007e52    0000000a            : atof.c.obj (.text.atof)
                  00007e5c    00000008            : _scanfi.c.obj (.text.OUTLINED_FUNCTION_0)
                  00007e64    00000008            : strtod.c.obj (.text.OUTLINED_FUNCTION_0)
                  00007e6c    00000008            : strtod.c.obj (.text.OUTLINED_FUNCTION_1)
                  00007e74    00000010     libclang_rt.builtins.a : aeabi_dcmp.S.obj (.tramp.__aeabi_dcmpeq.1)
                  00007e84    00000008     ti_msp_dl_config.o (.text.SYSCFG_DL_DMA_init)
                  00007e8c    00000008     libc.a : aeabi_portable.c.obj (.text.__aeabi_errno_addr)
                  00007e94    00000008     libclang_rt.builtins.a : aeabi_memcpy.S.obj (.text.__aeabi_memcpy)
                  00007e9c    00000008     libc.a : sscanf.c.obj (.text._uninpchar)
                  00007ea4    00000006            : _scanfi.c.obj (.text.OUTLINED_FUNCTION_3)
                  00007eaa    00000004     startup_mspm0g350x_ticlang.o (.text.Default_Handler)
                  00007eae    00000004     startup_mspm0g350x_ticlang.o (.text.Reset_Handler)
                  00007eb2    00000002     --HOLE-- [fill = 0]
                  00007eb4    00000010     libc.a : boot_cortex_m.c.obj (.tramp._c_int00_noargs.1)
                  00007ec4    00000004            : pre_init.c.obj (.text._system_pre_init)
                  00007ec8    00000004            : exit.c.obj (.text:abort)
                  00007ecc    00000004     --HOLE-- [fill = 0]

.cinit     0    00008460    000000d0     
                  00008460    000000a6     (.cinit..data.load) [load image, compression = lzss]
                  00008506    00000002     --HOLE-- [fill = 0]
                  00008508    0000000c     (__TI_handler_table)
                  00008514    00000008     (.cinit..bss.load) [load image, compression = zero_init]
                  0000851c    00000010     (__TI_cinit_table)
                  0000852c    00000004     --HOLE-- [fill = 0]

.rodata    0    00007ed0    00000590     
                  00007ed0    00000101     libc.a : aeabi_ctype.S.obj (.rodata:__aeabi_ctype_table_)
                  00007fd1    00000007            : _scanfi.c.obj (.rodata._sproc_int.flit)
                  00007fd8    00000080            : strtod.c.obj (.rodata.digits)
                  00008058    00000048            : strtod.c.obj (.rodata.powerof10)
                  000080a0    00000034     ptz.o (.rodata.str1.539026979195427931)
                  000080d4    00000033     ptz.o (.rodata.str1.113928279762939240591)
                  00008107    00000031     tracking_car.o (.rodata.str1.135708441279761830601)
                  00008138    00000031     ptz.o (.rodata.str1.178174305846402861211)
                  00008169    00000003     ti_msp_dl_config.o (.rodata.gENCODER1AClockConfig)
                  0000816c    00000028     ti_msp_dl_config.o (.rodata.gSYSPLLConfig)
                  00008194    00000021     uart.o (.rodata.str1.129023466234235851261)
                  000081b5    0000001b     log.o (.rodata.str1.132714477119061430291)
                  000081d0    0000001b     uart.o (.rodata.str1.148266068705592217691)
                  000081eb    0000001b     uart.o (.rodata.str1.92012140681321335881)
                  00008206    0000001a     ptz.o (.rodata.str1.23379415385194688651)
                  00008220    00000018     ti_msp_dl_config.o (.rodata.gDMA_CH0Config)
                  00008238    00000014     ti_msp_dl_config.o (.rodata.gTIMER_STEPPER_XTimerConfig)
                  0000824c    00000014     ti_msp_dl_config.o (.rodata.gTIMER_STEPPER_YTimerConfig)
                  00008260    00000013     uart.o (.rodata.str1.22593993854590828271)
                  00008273    00000012     uart.o (.rodata.str1.134967277499309329201)
                  00008285    00000011     libc.a : _printfi.c.obj (.rodata.str1.103488685894817597201)
                  00008296    00000011            : _printfi.c.obj (.rodata.str1.153638888446227384661)
                  000082a7    00000001     --HOLE-- [fill = 0]
                  000082a8    00000010     ti_msp_dl_config.o (.rodata.gENCODER1ACaptureConfig)
                  000082b8    00000010     ti_msp_dl_config.o (.rodata.gENCODER2ACaptureConfig)
                  000082c8    00000010     uart.o (.rodata.str1.125484154553188701521)
                  000082d8    0000000f     uart.o (.rodata.str1.1086553166398104591)
                  000082e7    0000000f     uart.o (.rodata.str1.115280999608341137061)
                  000082f6    0000000f     uart.o (.rodata.str1.21106632817729728861)
                  00008305    0000000f     uart.o (.rodata.str1.27404901547118498331)
                  00008314    0000000f     uart.o (.rodata.str1.31996956351112905211)
                  00008323    0000000e     uart.o (.rodata.str1.170598683008135980801)
                  00008331    0000000d     uart.o (.rodata.str1.19294412119797230941)
                  0000833e    00000002     ti_msp_dl_config.o (.rodata.gUART_DEBUGClockConfig)
                  00008340    0000000c     driverlib.a : dl_timer.o (.rodata..Lswitch.table.DL_Timer_initCompareMode)
                  0000834c    0000000c     ptz.o (.rodata.str1.162401574828010908271)
                  00008358    0000000c     tracking_car.o (.rodata.str1.95084319226276132221)
                  00008364    0000000b     uart.o (.rodata.str1.179202883869667730671)
                  0000836f    00000001     --HOLE-- [fill = 0]
                  00008370    0000000a     ti_msp_dl_config.o (.rodata.gUART_DEBUGConfig)
                  0000837a    0000000a     ti_msp_dl_config.o (.rodata.gUART_HMIConfig)
                  00008384    0000000a     ti_msp_dl_config.o (.rodata.gUART_RASPBERRYPIConfig)
                  0000838e    0000000a     uart.o (.rodata.str1.40917306677858705461)
                  00008398    00000009     uart.o (.rodata.str1.122671050378316815621)
                  000083a1    00000009     libc.a : _scanfi.c.obj (.rodata.str1.129649842090332461501)
                  000083aa    00000009     uart.o (.rodata.str1.6843215117486154871)
                  000083b3    00000001     --HOLE-- [fill = 0]
                  000083b4    00000008     libc.a : _scanfi.c.obj (.rodata..L__const._sproc_float.special)
                  000083bc    00000008     ti_msp_dl_config.o (.rodata.gPWM_0Config)
                  000083c4    00000008     gray_sensor.o (.rodata.sensor_weight_table)
                  000083cc    00000007     uart.o (.rodata.str1.143015444253705963901)
                  000083d3    00000006     libc.a : _scanfi.c.obj (.rodata._sproc_int.barr)
                  000083d9    00000006     log.o (.rodata.str1.137539768245092429831)
                  000083df    00000006     log.o (.rodata.str1.139851184265736136571)
                  000083e5    00000006     log.o (.rodata.str1.151136284724220300351)
                  000083eb    00000006     log.o (.rodata.str1.177928421945577587411)
                  000083f1    00000006     uart.o (.rodata.str1.55517060698203180431)
                  000083f7    00000006     log.o (.rodata.str1.62080590199064658831)
                  000083fd    00000006     uart.o (.rodata.str1.65466804781293594731)
                  00008403    00000005     ptz.o (.rodata.str1.119320104508449319711)
                  00008408    00000005     uart.o (.rodata.str1.125092599655628351731)
                  0000840d    00000005     uart.o (.rodata.str1.155464054037700508561)
                  00008412    00000005     log.o (.rodata.str1.171326584654505548281)
                  00008417    00000005     uart.o (.rodata.str1.172882629277450589121)
                  0000841c    00000005     tracking_car.o (.rodata.str1.60310771835896114591)
                  00008421    00000005     uart.o (.rodata.str1.63411161755512128921)
                  00008426    00000005     uart.o (.rodata.str1.74697192097219075381)
                  0000842b    00000005     uart.o (.rodata.str1.84297605691623066951)
                  00008430    00000004     uart.o (.rodata.str1.147787627768212510041)
                  00008434    00000004     uart.o (.rodata.str1.25426836809541754671)
                  00008438    00000004     libc.a : _scanfi.c.obj (.rodata.str1.34035805897420309901)
                  0000843c    00000003     ti_msp_dl_config.o (.rodata.gENCODER2AClockConfig)
                  0000843f    00000003     ti_msp_dl_config.o (.rodata.gPWM_0ClockConfig)
                  00008442    00000003     ti_msp_dl_config.o (.rodata.gTIMER_STEPPER_XClockConfig)
                  00008445    00000003     ti_msp_dl_config.o (.rodata.gTIMER_STEPPER_YClockConfig)
                  00008448    00000003     uart.o (.rodata.str1.100001239350671789581)
                  0000844b    00000003     uart.o (.rodata.str1.20884163421862550221)
                  0000844e    00000002     ti_msp_dl_config.o (.rodata.gUART_HMIClockConfig)
                  00008450    00000002     ti_msp_dl_config.o (.rodata.gUART_RASPBERRYPIClockConfig)
                  00008452    0000000e     --HOLE-- [fill = 0]

.init_array 
*          0    00000000    00000000     UNINITIALIZED

.binit     0    00000000    00000000     

.sysmem    0    20200000    00000800     UNINITIALIZED
                  20200000    00000010     libc.a : memory.c.obj (.sysmem)
                  20200010    000007f0     --HOLE--

.bss       0    20200800    00000613     UNINITIALIZED
                  20200800    00000100     uart.o (.bss.uartprintf_DMA.buffer)
                  20200900    000000e0     (.common:motor_l)
                  202009e0    000000e0     (.common:motor_r)
                  20200ac0    000000bc     (.common:gENCODER1ABackup)
                  20200b7c    000000bc     (.common:gTIMER_STEPPER_YBackup)
                  20200c38    00000078     (.common:gENCODER2ABackup)
                  20200cb0    00000078     (.common:gTIMER_STEPPER_XBackup)
                  20200d28    0000002c     (.common:tracking_pid)
                  20200d54    00000014     (.common:Uart_0_data)
                  20200d68    00000014     (.common:Uart_1_data)
                  20200d7c    00000014     (.common:Uart_2_data)
                  20200d90    00000014     (.common:Uart_3_data)
                  20200da4    00000014     (.common:gEchoData)
                  20200db8    00000014     (.common:gEchoData_1)
                  20200dcc    00000014     (.common:gEchoData_2)
                  20200de0    00000004     libc.a : memory.c.obj (.bss.sys_free)
                  20200de4    00000004     (.common:Yaw_angle)
                  20200de8    00000004     (.common:angle_adjustment)
                  20200dec    00000004     (.common:current_turn_speed)
                  20200df0    00000004     (.common:dis)
                  20200df4    00000004     (.common:n_turn_dis)
                  20200df8    00000002     uart.o (.bss.UART0_IRQHandler.i)
                  20200dfa    00000002     uart.o (.bss.UART1_IRQHandler.k)
                  20200dfc    00000002     uart.o (.bss.UART2_IRQHandler.k)
                  20200dfe    00000002     (.common:err_cnt)
                  20200e00    00000002     (.common:pid_error)
                  20200e02    00000002     (.common:point_x)
                  20200e04    00000002     (.common:point_y)
                  20200e06    00000002     (.common:weight)
                  20200e08    00000001     (.common:Carstate)
                  20200e09    00000001     (.common:Rxflag)
                  20200e0a    00000001     (.common:Rxflag_1)
                  20200e0b    00000001     (.common:Rxflag_2)
                  20200e0c    00000001     (.common:Rxflag_3)
                  20200e0d    00000001     (.common:ptz_start_flag)
                  20200e0e    00000001     (.common:s_next_start_direction)
                  20200e0f    00000001     (.common:s_ptz_state_before_lock)
                  20200e10    00000001     (.common:uart_0_cnt)
                  20200e11    00000001     (.common:uart_1_cnt)
                  20200e12    00000001     (.common:uart_2_cnt)

.data      0    20200e18    00000200     UNINITIALIZED
                  20200e18    0000005c     ptz.o (.data.s_visual_pid)
                  20200e74    0000004c     ptz.o (.data.stepper_x)
                  20200ec0    0000004c     ptz.o (.data.stepper_y)
                  20200f0c    0000002c     tracking_car.o (.data.ramp_pid)
                  20200f38    0000002c     ptz.o (.data.visal_pid)
                  20200f64    0000002c     tracking_car.o (.data.visual_pid)
                  20200f90    00000010     log.o (.data.log_level_str)
                  20200fa0    00000008     scheduler.o (.data.Scheduler_Run.latency)
                  20200fa8    00000008     scheduler.o (.data.Scheduler_Run.now)
                  20200fb0    00000008     perf_counter.o (.data.g_systick_overflow_count)
                  20200fb8    00000008     gray_sensor.o (.data.sensor_val)
                  20200fc0    00000004     perf_counter.o (.data.SystemCoreClock)
                  20200fc4    00000004     libc.a : aeabi_portable.c.obj (.data.__aeabi_errno)
                  20200fc8    00000004            : _lock.c.obj (.data._lock)
                  20200fcc    00000004            : _lock.c.obj (.data._unlock)
                  20200fd0    00000004     scheduler.o (.data.callLater_p)
                  20200fd4    00000004     tracking_car.o (.data.car_circle_task.speed_adjust)
                  20200fd8    00000004     tracking_car.o (.data.car_circle_task_1.speed_adjust)
                  20200fdc    00000004     scheduler.o (.data.cron_p)
                  20200fe0    00000004     tracking_car.o (.data.g_car_speed)
                  20200fe4    00000004     tracking_car.o (.data.gray)
                  20200fe8    00000004     tracking_car.o (.data.s_lost_target_angle)
                  20200fec    00000004     scheduler.o (.data.schCallLaterEntry)
                  20200ff0    00000004     scheduler.o (.data.schCronEntry)
                  20200ff4    00000004     scheduler.o (.data.schTaskEntry)
                  20200ff8    00000004     gray_sensor.o (.data.sensor_offset)
                  20200ffc    00000004     scheduler.o (.data.task_highPriority_p)
                  20201000    00000004     scheduler.o (.data.task_hpBack_p)
                  20201004    00000004     scheduler.o (.data.task_p)
                  20201008    00000002     tracking_car.o (.data.v_err_cnt)
                  2020100a    00000001     tracking_car.o (.data.car_start_flag)
                  2020100b    00000001     tracking_car.o (.data.circle)
                  2020100c    00000001     tracking_car.o (.data.circle_set)
                  2020100d    00000001     log.o (.data.current_level)
                  2020100e    00000001     uart.o (.data.g_uart_dma_tx_done)
                  2020100f    00000001     tracking_car.o (.data.loop_flag)
                  20201010    00000001     libc.a : memory.c.obj (.data.memory_is_initialized)
                  20201011    00000001     ptz.o (.data.ptz_sweep_flag)
                  20201012    00000001     tracking_car.o (.data.s_is_searching_to_max)
                  20201013    00000001     ptz.o (.data.s_ptz_current_state)
                  20201014    00000001     tracking_car.o (.data.s_ptz_state)
                  20201015    00000001     scheduler.o (.data.schTask_hpJmp)
                  20201016    00000001     gray_sensor.o (.data.sensor_active_count)
                  20201017    00000001     tracking_car.o (.data.turn_flag)

.stack     0    20207e00    00000200     UNINITIALIZED
                  20207e00    00000004     libc.a : boot_cortex_m.c.obj (.stack)
                  20207e04    000001fc     --HOLE--

__llvm_prf_cnts 
*          0    20200000    00000000     UNINITIALIZED

__llvm_prf_bits 
*          0    20200000    00000000     UNINITIALIZED

MODULE SUMMARY

       Module                         code    ro data   rw data
       ------                         ----    -------   -------
    .\
       ti_msp_dl_config.o             2336    195       616    
       empty.o                        348     0         0      
       startup_mspm0g350x_ticlang.o   8       192       0      
    +--+------------------------------+-------+---------+---------+
       Total:                         2692    387       616    
                                                               
    .\APP\
       tracking_car.o                 3300    66        180    
       ptz.o                          1182    195       301    
    +--+------------------------------+-------+---------+---------+
       Total:                         4482    261       481    
                                                               
    .\Core\
       scheduler.o                    1820    0         49     
       perf_counter.o                 352     0         12     
    +--+------------------------------+-------+---------+---------+
       Total:                         2172    0         61     
                                                               
    .\Modules\
       uart.o                         2532    344       414    
       motor.o                        1628    0         448    
       stepper.o                      1070    0         0      
       gray_sensor.o                  570     8         13     
       log.o                          348     62        17     
    +--+------------------------------+-------+---------+---------+
       Total:                         6148    414       892    
                                                               
    E:/Apps/ti/mspm0_sdk_2_01_00_03/source/ti/driverlib/lib/ticlang/m0p/mspm0g1x0x_g3x0x/driverlib.a
       dl_timer.o                     796     12        0      
       dl_sysctl_mspm0g1x0x_g3x0x.o   288     0         0      
       dl_uart.o                      90      0         0      
       dl_dma.o                       76      0         0      
       dl_common.o                    10      0         0      
    +--+------------------------------+-------+---------+---------+
       Total:                         1260    12        0      
                                                               
    E:\Apps\ccs\ccs\tools\compiler\ti-cgt-armllvm_4.0.0.LTS\lib\armv6m-ti-none-eabi/c/libc.a
       _printfi.c.obj                 4510    34        0      
       _scanfi.c.obj                  3092    34        0      
       strtod.c.obj                   968     200       0      
       memory.c.obj                   762     0         5      
       strtoll.c.obj                  480     0         0      
       strtoull.c.obj                 364     0         0      
       strtol.c.obj                   324     0         0      
       strtoul.c.obj                  300     0         0      
       aeabi_ctype.S.obj              0       257       0      
       s_scalbn.c.obj                 216     0         0      
       sscanf.c.obj                   192     0         0      
       snprintf.c.obj                 148     0         0      
       strcmp-armv6m.S.obj            136     0         0      
       vsnprintf.c.obj                136     0         0      
       copy_decompress_lzss.c.obj     124     0         0      
       s_frexp.c.obj                  92      0         0      
       _ltoa.c.obj                    88      0         0      
       atoi.c.obj                     64      0         0      
       autoinit.c.obj                 60      0         0      
       boot_cortex_m.c.obj            56      0         0      
       strstr.c.obj                   50      0         0      
       memccpy.c.obj                  34      0         0      
       strncmp.c.obj                  34      0         0      
       copy_decompress_none.c.obj     18      0         0      
       memcpy16.S.obj                 18      0         0      
       copy_zero_init.c.obj           16      0         0      
       wcslen.c.obj                   16      0         0      
       memset16.S.obj                 14      0         0      
       aeabi_portable.c.obj           8       0         4      
       _lock.c.obj                    2       0         8      
       atof.c.obj                     10      0         0      
       exit.c.obj                     4       0         0      
       pre_init.c.obj                 4       0         0      
    +--+------------------------------+-------+---------+---------+
       Total:                         12340   525       17     
                                                               
    E:\Apps\ccs\ccs\tools\compiler\ti-cgt-armllvm_4.0.0.LTS\lib\armv6m-ti-none-eabi/libclang_rt.builtins.a
       adddf3.S.obj                   418     0         0      
       divdf3.S.obj                   268     0         0      
       muldf3.S.obj                   228     0         0      
       comparedf2.c.obj               220     0         0      
       addsf3.S.obj                   216     0         0      
       udivmoddi4.S.obj               162     0         0      
       mulsf3.S.obj                   140     0         0      
       divsf3.S.obj                   130     0         0      
       comparesf2.S.obj               118     0         0      
       truncdfsf2.S.obj               116     0         0      
       aeabi_dcmp.S.obj               114     0         0      
       fixdfdi.S.obj                  106     0         0      
       aeabi_fcmp.S.obj               98      0         0      
       aeabi_idivmod.S.obj            86      0         0      
       fixdfsi.S.obj                  74      0         0      
       aeabi_uidivmod.S.obj           64      0         0      
       extendsfdf2.S.obj              64      0         0      
       divmoddi4.c.obj                62      0         0      
       floatsisf.S.obj                60      0         0      
       muldsi3.S.obj                  58      0         0      
       fixsfsi.S.obj                  56      0         0      
       fixunssfsi.S.obj               50      0         0      
       floatsidf.S.obj                44      0         0      
       floatunsisf.S.obj              40      0         0      
       muldi3.S.obj                   36      0         0      
       ashldi3.S.obj                  30      0         0      
       aeabi_memset.S.obj             26      0         0      
       aeabi_ldivmod.S.obj            20      0         0      
       aeabi_uldivmod.S.obj           20      0         0      
       aeabi_memcpy.S.obj             8       0         0      
       aeabi_div0.c.obj               4       0         0      
    +--+------------------------------+-------+---------+---------+
       Total:                         3136    0         0      
                                                               
       Heap:                          0       0         2048   
       Stack:                         0       0         512    
       Linker Generated:              0       202       0      
    +--+------------------------------+-------+---------+---------+
       Grand Total:                   32230   1801      4627   


LINKER GENERATED COPY TABLES

__TI_cinit_table @ 0000851c records: 2, size/record: 8, table size: 16
	.data: load addr=00008460, load size=000000a6 bytes, run addr=20200e18, run size=00000200 bytes, compression=lzss
	.bss: load addr=00008514, load size=00000008 bytes, run addr=20200800, run size=00000613 bytes, compression=zero_init


LINKER GENERATED HANDLER TABLE

__TI_handler_table @ 00008508 records: 3, size/record: 4, table size: 12
	index: 0, handler: __TI_decompress_lzss
	index: 1, handler: __TI_decompress_none
	index: 2, handler: __TI_zero_init


FAR CALL TRAMPOLINES

callee name               trampoline name
   callee addr  tramp addr   call addr  call info
--------------  -----------  ---------  ----------------
__aeabi_dsub              $Tramp$TT$L$PI$$__aeabi_dsub
   000037d9     00007e38     00007e34   libc.a : _printfi.c.obj (.text.OUTLINED_FUNCTION_0)
__aeabi_dcmpeq            $Tramp$TT$L$PI$$__aeabi_dcmpeq
   00006479     00007e74     00007e72   libc.a : strtod.c.obj (.text.OUTLINED_FUNCTION_1)
_c_int00_noargs           $Tramp$TT$L$PI$$_c_int00_noargs
   0000763d     00007eb4     00007eae   startup_mspm0g350x_ticlang.o (.text.Reset_Handler)

[3 trampolines]
[3 trampoline calls]


GLOBAL SYMBOLS: SORTED ALPHABETICALLY BY Name 

address   name                                 
-------   ----                                 
00007eab  ADC0_IRQHandler                      
00007eab  ADC1_IRQHandler                      
00007eab  AES_IRQHandler                       
00005151  Add_Corontine                        
00003639  Add_SchTask                          
00007ec8  C$$EXIT                              
00007eab  CANFD0_IRQHandler                    
20200e08  Carstate                             
00007eab  DAC0_IRQHandler                      
00007e23  DL_Common_delayCycles                
00006ac5  DL_DMA_initChannel                   
00004d21  DL_SYSCTL_configSYSPLL               
00006c85  DL_SYSCTL_switchMCLKfromSYSOSCtoHSCLK
0000465d  DL_Timer_initCaptureMode             
00005215  DL_Timer_initPWMMode                 
00004985  DL_Timer_initTimerMode               
00007821  DL_Timer_setCaptCompUpdateMethod     
000079d1  DL_Timer_setCaptureCompareOutCtl     
00007d85  DL_Timer_setCaptureCompareValue      
0000783d  DL_Timer_setClockConfig              
00006bf5  DL_UART_init                         
00007d3f  DL_UART_setClockConfig               
00007eab  DMA_IRQHandler                       
00007eab  Default_Handler                      
00006541  Del_CallLater                        
00005dd9  Del_Corontine                        
00007eab  GROUP0_IRQHandler                    
00007eab  GROUP1_IRQHandler                    
00003dcd  Gray_Senor_Get_State                 
00005089  Gray_Senor_Get_Turn                  
00007eab  HardFault_Handler                    
00007eab  I2C0_IRQHandler                      
00007eab  I2C1_IRQHandler                      
000065a1  Kinematics_GetRotationSpeed          
000056e1  Motor_Set_Duty                       
00007575  Motor_Set_Speed                      
00007289  Motor_Set_Speed_Mps                  
00007735  Motor_Stop                           
00006a25  Motor_Update_Speed                   
00007eab  NMI_Handler                          
00005fc9  Odometer_GetDistanceCm               
000078ad  Odometer_Reset                       
000070b1  Odometer_SetDistanceCm               
00003c65  PID_Realize                          
00007eab  PendSV_Handler                       
00007eab  RTC_IRQHandler                       
00007eaf  Reset_Handler                        
20200e09  Rxflag                               
20200e0a  Rxflag_1                             
20200e0b  Rxflag_2                             
20200e0c  Rxflag_3                             
00007eab  SPI0_IRQHandler                      
00007eab  SPI1_IRQHandler                      
00007eab  SVC_Handler                          
00007ac1  SYSCFG_DL_DMA_CH0_init               
00007e85  SYSCFG_DL_DMA_init                   
00007159  SYSCFG_DL_ENCODER1A_init             
0000718d  SYSCFG_DL_ENCODER2A_init             
00003f29  SYSCFG_DL_GPIO_init                  
00005cd9  SYSCFG_DL_PWM_0_init                 
00006ed1  SYSCFG_DL_SYSCTL_init                
000071c1  SYSCFG_DL_TIMER_STEPPER_X_init       
00006f0d  SYSCFG_DL_TIMER_STEPPER_Y_init       
00006199  SYSCFG_DL_UART_DEBUG_init            
00006929  SYSCFG_DL_UART_HMI_init              
0000697d  SYSCFG_DL_UART_RASPBERRYPI_init      
00006601  SYSCFG_DL_init                       
000052d9  SYSCFG_DL_initPower                  
0000212d  Scheduler_Run                        
00005ac9  Speed_Low_Filter                     
000062db  Stepper_Init                         
00004dfd  Stepper_MoveToAngle                  
00007121  Stepper_SetDirection                 
00005771  Stepper_SetSpeed                     
00005641  Stepper_Speed_loop                   
00007c91  Stepper_Stop                         
00004a6d  Stepper_TimerCallback                
00007ad9  SysTick_Handler                      
20200fc0  SystemCoreClock                      
00006771  TIMA0_IRQHandler                     
00007379  TIMA1_IRQHandler                     
00007eab  TIMG0_IRQHandler                     
00007eab  TIMG12_IRQHandler                    
000067c9  TIMG6_IRQHandler                     
000073a5  TIMG7_IRQHandler                     
00007eab  TIMG8_IRQHandler                     
00007d51  TI_memcpy_small                      
00007e09  TI_memset_small                      
0000539d  UART0_IRQHandler                     
00005801  UART1_IRQHandler                     
00005891  UART2_IRQHandler                     
00007eab  UART3_IRQHandler                     
20200d54  Uart_0_data                          
20200d68  Uart_1_data                          
20200d7c  Uart_2_data                          
20200d90  Uart_3_data                          
0000396d  Uart_DEBUG_check                     
000028c1  Uart_HMI_check                       
0000665d  Uart_JY901S_check                    
00006cc9  Uart_RASPBERRYPI_check               
00007ca5  Uart_check                           
20200de4  Yaw_angle                            
20208000  __STACK_END                          
00000200  __STACK_SIZE                         
00000800  __SYSMEM_SIZE                        
00000000  __TI_ATRegion0_region_sz             
00000000  __TI_ATRegion0_src_addr              
00000000  __TI_ATRegion0_trg_addr              
00000000  __TI_ATRegion1_region_sz             
00000000  __TI_ATRegion1_src_addr              
00000000  __TI_ATRegion1_trg_addr              
00000000  __TI_ATRegion2_region_sz             
00000000  __TI_ATRegion2_src_addr              
00000000  __TI_ATRegion2_trg_addr              
0000851c  __TI_CINIT_Base                      
0000852c  __TI_CINIT_Limit                     
0000852c  __TI_CINIT_Warm                      
00008508  __TI_Handler_Table_Base              
00008514  __TI_Handler_Table_Limit             
00006ffd  __TI_auto_init_nobinit_nopinit       
00005f4d  __TI_decompress_lzss                 
00007d63  __TI_decompress_none                 
00006821  __TI_ltoa                            
ffffffff  __TI_pprof_out_hndl                  
00000c9d  __TI_printfi                         
ffffffff  __TI_prof_data_size                  
ffffffff  __TI_prof_data_start                 
000000c1  __TI_scanfi                          
00000000  __TI_static_base__                   
00007da5  __TI_zero_init                       
000037e3  __adddf3                             
00004fbb  __addsf3                             
00007ed0  __aeabi_ctype_table_                 
00007ed0  __aeabi_ctype_table_C                
000060b1  __aeabi_d2f                          
00006ba9  __aeabi_d2iz                         
00006271  __aeabi_d2lz                         
000037e3  __aeabi_dadd                         
00006479  __aeabi_dcmpeq                       
000064b5  __aeabi_dcmpge                       
000064c9  __aeabi_dcmpgt                       
000064a1  __aeabi_dcmple                       
0000648d  __aeabi_dcmplt                       
0000476d  __aeabi_ddiv                         
00004c3d  __aeabi_dmul                         
000037d9  __aeabi_dsub                         
20200fc4  __aeabi_errno                        
00007e8d  __aeabi_errno_addr                   
00006d91  __aeabi_f2d                          
000070e9  __aeabi_f2iz                         
000071f5  __aeabi_f2uiz                        
00004fbb  __aeabi_fadd                         
000064dd  __aeabi_fcmpeq                       
00006519  __aeabi_fcmpge                       
0000652d  __aeabi_fcmpgt                       
00006505  __aeabi_fcmple                       
000064f1  __aeabi_fcmplt                       
00005c55  __aeabi_fdiv                         
00005921  __aeabi_fmul                         
00004fb1  __aeabi_fsub                         
00007455  __aeabi_i2d                          
00006f49  __aeabi_i2f                          
000068d1  __aeabi_idiv                         
0000396b  __aeabi_idiv0                        
000068d1  __aeabi_idivmod                      
00003dcb  __aeabi_ldiv0                        
00007cb9  __aeabi_ldivmod                      
00007775  __aeabi_llsl                         
0000768d  __aeabi_lmul                         
00005a35  __aeabi_memclr                       
00005a35  __aeabi_memclr4                      
00005a35  __aeabi_memclr8                      
00007e95  __aeabi_memcpy                       
00007e95  __aeabi_memcpy4                      
00007e95  __aeabi_memcpy8                      
00007ded  __aeabi_memset                       
00007ded  __aeabi_memset4                      
00007ded  __aeabi_memset8                      
0000759d  __aeabi_ui2f                         
00006d51  __aeabi_uidiv                        
00006d51  __aeabi_uidivmod                     
00007ccd  __aeabi_uldivmod                     
00007775  __ashldi3                            
ffffffff  __binit__                            
00006345  __cmpdf2                             
00007039  __cmpsf2                             
0000476d  __divdf3                             
00006e91  __divmoddi4                          
00005c55  __divsf3                             
00006345  __eqdf2                              
00007039  __eqsf2                              
00006d91  __extendsfdf2                        
00006271  __fixdfdi                            
00006ba9  __fixdfsi                            
000070e9  __fixsfsi                            
000071f5  __fixunssfsi                         
00007455  __floatsidf                          
00006f49  __floatsisf                          
0000759d  __floatunsisf                        
0000603d  __gedf2                              
00006f85  __gesf2                              
0000603d  __gtdf2                              
00006f85  __gtsf2                              
00006345  __ledf2                              
00007039  __lesf2                              
00006345  __ltdf2                              
00007039  __ltsf2                              
UNDEFED   __mpu_init                           
00004c3d  __muldf3                             
0000768d  __muldi3                             
00007075  __muldsi3                            
00005921  __mulsf3                             
00006345  __nedf2                              
00007039  __nesf2                              
20207e00  __stack                              
20200000  __start___llvm_prf_bits              
20200000  __start___llvm_prf_cnts              
20200000  __stop___llvm_prf_bits               
20200000  __stop___llvm_prf_cnts               
000037d9  __subdf3                             
00004fb1  __subsf3                             
000060b1  __truncdfsf2                         
0000559d  __udivmoddi4                         
0000763d  _c_int00_noargs                      
20200fc8  _lock                                
0000563f  _nop                                 
20200000  _sys_memory                          
UNDEFED   _system_post_cinit                   
00007ec5  _system_pre_init                     
20200fcc  _unlock                              
00007ec9  abort                                
00004549  aligned_alloc                        
20200de8  angle_adjustment                     
00007e53  atof                                 
00006dd1  atoi                                 
ffffffff  binit                                
20200fd0  callLater_p                          
00006fc1  calloc                               
00001c89  car_circle_task                      
0000166d  car_circle_task_1                    
2020100a  car_start_flag                       
2020100b  circle                               
2020100c  circle_set                           
20200fdc  cron_p                               
20200dec  current_turn_speed                   
20200df0  dis                                  
20200dfe  err_cnt                              
00004b55  free                                 
000066b9  frexp                                
000066b9  frexpl                               
20200ac0  gENCODER1ABackup                     
20200c38  gENCODER2ABackup                     
20200da4  gEchoData                            
20200db8  gEchoData_1                          
20200dcc  gEchoData_2                          
20200cb0  gTIMER_STEPPER_XBackup               
20200b7c  gTIMER_STEPPER_YBackup               
20200fe0  g_car_speed                          
2020100e  g_uart_dma_tx_done                   
00006c3d  get_system_ms                        
00005e55  get_system_ticks                     
00006d0d  get_system_us                        
20200fe4  gray                                 
00006e11  init_cycle_counter                   
00000000  interruptVectors                     
00004ed9  ldexp                                
00004ed9  ldexpl                               
000075ed  log_debug                            
00007615  log_info                             
2020100f  loop_flag                            
00005d59  main                                 
00007e17  malloc                               
0000348d  master_control_task                  
00004549  memalign                             
000076b1  memccpy                              
00005449  motor_Init                           
20200900  motor_l                              
202009e0  motor_r                              
20200df4  n_turn_dis                           
000054f5  pid_complete_corounite               
20200e00  pid_error                            
20200e02  point_x                              
20200e04  point_y                              
00005ed1  ptz_ctrl_task                        
00006205  ptz_manager_init                     
00002c4d  ptz_scan_task                        
20200e0d  ptz_start_flag                       
20201011  ptz_sweep_flag                       
20200f0c  ramp_pid                             
20200e0e  s_next_start_direction               
20201014  s_ptz_state                          
20200e0f  s_ptz_state_before_lock              
20200e18  s_visual_pid                         
00004ed9  scalbn                               
00004ed9  scalbnl                              
20200fec  schCallLaterEntry                    
20200ff0  schCronEntry                         
20200ff4  schTaskEntry                         
20201016  sensor_active_count                  
20200ff8  sensor_offset                        
20200fb8  sensor_val                           
000083c4  sensor_weight_table                  
00006b5d  snprintf                             
00007349  sscanf                               
20200e74  stepper_x                            
20200ec0  stepper_y                            
00005a41  strcmp                               
000076d3  strncmp                              
00007227  strstr                               
00002509  strtod                               
0000407d  strtol                               
00002509  strtold                              
000030d1  strtoll                              
000042fd  strtoul                              
00003af9  strtoull                             
20200ffc  task_highPriority_p                  
20201000  task_hpBack_p                        
20201004  task_p                               
00006a75  tracking_car_init                    
20200d28  tracking_pid                         
20201017  turn_flag                            
20200e10  uart_0_cnt                           
20200e11  uart_1_cnt                           
20200e12  uart_2_cnt                           
00006715  uart_irq_init                        
000059ad  uartprintf_DMA                       
20201008  v_err_cnt                            
20200f38  visal_pid                            
20200f64  visual_pid                           
00006e51  vsnprintf                            
00007d95  wcslen                               
20200e06  weight                               


GLOBAL SYMBOLS: SORTED BY Symbol Address 

address   name                                 
-------   ----                                 
00000000  __TI_ATRegion0_region_sz             
00000000  __TI_ATRegion0_src_addr              
00000000  __TI_ATRegion0_trg_addr              
00000000  __TI_ATRegion1_region_sz             
00000000  __TI_ATRegion1_src_addr              
00000000  __TI_ATRegion1_trg_addr              
00000000  __TI_ATRegion2_region_sz             
00000000  __TI_ATRegion2_src_addr              
00000000  __TI_ATRegion2_trg_addr              
00000000  __TI_static_base__                   
00000000  interruptVectors                     
000000c1  __TI_scanfi                          
00000200  __STACK_SIZE                         
00000800  __SYSMEM_SIZE                        
00000c9d  __TI_printfi                         
0000166d  car_circle_task_1                    
00001c89  car_circle_task                      
0000212d  Scheduler_Run                        
00002509  strtod                               
00002509  strtold                              
000028c1  Uart_HMI_check                       
00002c4d  ptz_scan_task                        
000030d1  strtoll                              
0000348d  master_control_task                  
00003639  Add_SchTask                          
000037d9  __aeabi_dsub                         
000037d9  __subdf3                             
000037e3  __adddf3                             
000037e3  __aeabi_dadd                         
0000396b  __aeabi_idiv0                        
0000396d  Uart_DEBUG_check                     
00003af9  strtoull                             
00003c65  PID_Realize                          
00003dcb  __aeabi_ldiv0                        
00003dcd  Gray_Senor_Get_State                 
00003f29  SYSCFG_DL_GPIO_init                  
0000407d  strtol                               
000042fd  strtoul                              
00004549  aligned_alloc                        
00004549  memalign                             
0000465d  DL_Timer_initCaptureMode             
0000476d  __aeabi_ddiv                         
0000476d  __divdf3                             
00004985  DL_Timer_initTimerMode               
00004a6d  Stepper_TimerCallback                
00004b55  free                                 
00004c3d  __aeabi_dmul                         
00004c3d  __muldf3                             
00004d21  DL_SYSCTL_configSYSPLL               
00004dfd  Stepper_MoveToAngle                  
00004ed9  ldexp                                
00004ed9  ldexpl                               
00004ed9  scalbn                               
00004ed9  scalbnl                              
00004fb1  __aeabi_fsub                         
00004fb1  __subsf3                             
00004fbb  __addsf3                             
00004fbb  __aeabi_fadd                         
00005089  Gray_Senor_Get_Turn                  
00005151  Add_Corontine                        
00005215  DL_Timer_initPWMMode                 
000052d9  SYSCFG_DL_initPower                  
0000539d  UART0_IRQHandler                     
00005449  motor_Init                           
000054f5  pid_complete_corounite               
0000559d  __udivmoddi4                         
0000563f  _nop                                 
00005641  Stepper_Speed_loop                   
000056e1  Motor_Set_Duty                       
00005771  Stepper_SetSpeed                     
00005801  UART1_IRQHandler                     
00005891  UART2_IRQHandler                     
00005921  __aeabi_fmul                         
00005921  __mulsf3                             
000059ad  uartprintf_DMA                       
00005a35  __aeabi_memclr                       
00005a35  __aeabi_memclr4                      
00005a35  __aeabi_memclr8                      
00005a41  strcmp                               
00005ac9  Speed_Low_Filter                     
00005c55  __aeabi_fdiv                         
00005c55  __divsf3                             
00005cd9  SYSCFG_DL_PWM_0_init                 
00005d59  main                                 
00005dd9  Del_Corontine                        
00005e55  get_system_ticks                     
00005ed1  ptz_ctrl_task                        
00005f4d  __TI_decompress_lzss                 
00005fc9  Odometer_GetDistanceCm               
0000603d  __gedf2                              
0000603d  __gtdf2                              
000060b1  __aeabi_d2f                          
000060b1  __truncdfsf2                         
00006199  SYSCFG_DL_UART_DEBUG_init            
00006205  ptz_manager_init                     
00006271  __aeabi_d2lz                         
00006271  __fixdfdi                            
000062db  Stepper_Init                         
00006345  __cmpdf2                             
00006345  __eqdf2                              
00006345  __ledf2                              
00006345  __ltdf2                              
00006345  __nedf2                              
00006479  __aeabi_dcmpeq                       
0000648d  __aeabi_dcmplt                       
000064a1  __aeabi_dcmple                       
000064b5  __aeabi_dcmpge                       
000064c9  __aeabi_dcmpgt                       
000064dd  __aeabi_fcmpeq                       
000064f1  __aeabi_fcmplt                       
00006505  __aeabi_fcmple                       
00006519  __aeabi_fcmpge                       
0000652d  __aeabi_fcmpgt                       
00006541  Del_CallLater                        
000065a1  Kinematics_GetRotationSpeed          
00006601  SYSCFG_DL_init                       
0000665d  Uart_JY901S_check                    
000066b9  frexp                                
000066b9  frexpl                               
00006715  uart_irq_init                        
00006771  TIMA0_IRQHandler                     
000067c9  TIMG6_IRQHandler                     
00006821  __TI_ltoa                            
000068d1  __aeabi_idiv                         
000068d1  __aeabi_idivmod                      
00006929  SYSCFG_DL_UART_HMI_init              
0000697d  SYSCFG_DL_UART_RASPBERRYPI_init      
00006a25  Motor_Update_Speed                   
00006a75  tracking_car_init                    
00006ac5  DL_DMA_initChannel                   
00006b5d  snprintf                             
00006ba9  __aeabi_d2iz                         
00006ba9  __fixdfsi                            
00006bf5  DL_UART_init                         
00006c3d  get_system_ms                        
00006c85  DL_SYSCTL_switchMCLKfromSYSOSCtoHSCLK
00006cc9  Uart_RASPBERRYPI_check               
00006d0d  get_system_us                        
00006d51  __aeabi_uidiv                        
00006d51  __aeabi_uidivmod                     
00006d91  __aeabi_f2d                          
00006d91  __extendsfdf2                        
00006dd1  atoi                                 
00006e11  init_cycle_counter                   
00006e51  vsnprintf                            
00006e91  __divmoddi4                          
00006ed1  SYSCFG_DL_SYSCTL_init                
00006f0d  SYSCFG_DL_TIMER_STEPPER_Y_init       
00006f49  __aeabi_i2f                          
00006f49  __floatsisf                          
00006f85  __gesf2                              
00006f85  __gtsf2                              
00006fc1  calloc                               
00006ffd  __TI_auto_init_nobinit_nopinit       
00007039  __cmpsf2                             
00007039  __eqsf2                              
00007039  __lesf2                              
00007039  __ltsf2                              
00007039  __nesf2                              
00007075  __muldsi3                            
000070b1  Odometer_SetDistanceCm               
000070e9  __aeabi_f2iz                         
000070e9  __fixsfsi                            
00007121  Stepper_SetDirection                 
00007159  SYSCFG_DL_ENCODER1A_init             
0000718d  SYSCFG_DL_ENCODER2A_init             
000071c1  SYSCFG_DL_TIMER_STEPPER_X_init       
000071f5  __aeabi_f2uiz                        
000071f5  __fixunssfsi                         
00007227  strstr                               
00007289  Motor_Set_Speed_Mps                  
00007349  sscanf                               
00007379  TIMA1_IRQHandler                     
000073a5  TIMG7_IRQHandler                     
00007455  __aeabi_i2d                          
00007455  __floatsidf                          
00007575  Motor_Set_Speed                      
0000759d  __aeabi_ui2f                         
0000759d  __floatunsisf                        
000075ed  log_debug                            
00007615  log_info                             
0000763d  _c_int00_noargs                      
0000768d  __aeabi_lmul                         
0000768d  __muldi3                             
000076b1  memccpy                              
000076d3  strncmp                              
00007735  Motor_Stop                           
00007775  __aeabi_llsl                         
00007775  __ashldi3                            
00007821  DL_Timer_setCaptCompUpdateMethod     
0000783d  DL_Timer_setClockConfig              
000078ad  Odometer_Reset                       
000079d1  DL_Timer_setCaptureCompareOutCtl     
00007ac1  SYSCFG_DL_DMA_CH0_init               
00007ad9  SysTick_Handler                      
00007c91  Stepper_Stop                         
00007ca5  Uart_check                           
00007cb9  __aeabi_ldivmod                      
00007ccd  __aeabi_uldivmod                     
00007d3f  DL_UART_setClockConfig               
00007d51  TI_memcpy_small                      
00007d63  __TI_decompress_none                 
00007d85  DL_Timer_setCaptureCompareValue      
00007d95  wcslen                               
00007da5  __TI_zero_init                       
00007ded  __aeabi_memset                       
00007ded  __aeabi_memset4                      
00007ded  __aeabi_memset8                      
00007e09  TI_memset_small                      
00007e17  malloc                               
00007e23  DL_Common_delayCycles                
00007e53  atof                                 
00007e85  SYSCFG_DL_DMA_init                   
00007e8d  __aeabi_errno_addr                   
00007e95  __aeabi_memcpy                       
00007e95  __aeabi_memcpy4                      
00007e95  __aeabi_memcpy8                      
00007eab  ADC0_IRQHandler                      
00007eab  ADC1_IRQHandler                      
00007eab  AES_IRQHandler                       
00007eab  CANFD0_IRQHandler                    
00007eab  DAC0_IRQHandler                      
00007eab  DMA_IRQHandler                       
00007eab  Default_Handler                      
00007eab  GROUP0_IRQHandler                    
00007eab  GROUP1_IRQHandler                    
00007eab  HardFault_Handler                    
00007eab  I2C0_IRQHandler                      
00007eab  I2C1_IRQHandler                      
00007eab  NMI_Handler                          
00007eab  PendSV_Handler                       
00007eab  RTC_IRQHandler                       
00007eab  SPI0_IRQHandler                      
00007eab  SPI1_IRQHandler                      
00007eab  SVC_Handler                          
00007eab  TIMG0_IRQHandler                     
00007eab  TIMG12_IRQHandler                    
00007eab  TIMG8_IRQHandler                     
00007eab  UART3_IRQHandler                     
00007eaf  Reset_Handler                        
00007ec5  _system_pre_init                     
00007ec8  C$$EXIT                              
00007ec9  abort                                
00007ed0  __aeabi_ctype_table_                 
00007ed0  __aeabi_ctype_table_C                
000083c4  sensor_weight_table                  
00008508  __TI_Handler_Table_Base              
00008514  __TI_Handler_Table_Limit             
0000851c  __TI_CINIT_Base                      
0000852c  __TI_CINIT_Limit                     
0000852c  __TI_CINIT_Warm                      
20200000  __start___llvm_prf_bits              
20200000  __start___llvm_prf_cnts              
20200000  __stop___llvm_prf_bits               
20200000  __stop___llvm_prf_cnts               
20200000  _sys_memory                          
20200900  motor_l                              
202009e0  motor_r                              
20200ac0  gENCODER1ABackup                     
20200b7c  gTIMER_STEPPER_YBackup               
20200c38  gENCODER2ABackup                     
20200cb0  gTIMER_STEPPER_XBackup               
20200d28  tracking_pid                         
20200d54  Uart_0_data                          
20200d68  Uart_1_data                          
20200d7c  Uart_2_data                          
20200d90  Uart_3_data                          
20200da4  gEchoData                            
20200db8  gEchoData_1                          
20200dcc  gEchoData_2                          
20200de4  Yaw_angle                            
20200de8  angle_adjustment                     
20200dec  current_turn_speed                   
20200df0  dis                                  
20200df4  n_turn_dis                           
20200dfe  err_cnt                              
20200e00  pid_error                            
20200e02  point_x                              
20200e04  point_y                              
20200e06  weight                               
20200e08  Carstate                             
20200e09  Rxflag                               
20200e0a  Rxflag_1                             
20200e0b  Rxflag_2                             
20200e0c  Rxflag_3                             
20200e0d  ptz_start_flag                       
20200e0e  s_next_start_direction               
20200e0f  s_ptz_state_before_lock              
20200e10  uart_0_cnt                           
20200e11  uart_1_cnt                           
20200e12  uart_2_cnt                           
20200e18  s_visual_pid                         
20200e74  stepper_x                            
20200ec0  stepper_y                            
20200f0c  ramp_pid                             
20200f38  visal_pid                            
20200f64  visual_pid                           
20200fb8  sensor_val                           
20200fc0  SystemCoreClock                      
20200fc4  __aeabi_errno                        
20200fc8  _lock                                
20200fcc  _unlock                              
20200fd0  callLater_p                          
20200fdc  cron_p                               
20200fe0  g_car_speed                          
20200fe4  gray                                 
20200fec  schCallLaterEntry                    
20200ff0  schCronEntry                         
20200ff4  schTaskEntry                         
20200ff8  sensor_offset                        
20200ffc  task_highPriority_p                  
20201000  task_hpBack_p                        
20201004  task_p                               
20201008  v_err_cnt                            
2020100a  car_start_flag                       
2020100b  circle                               
2020100c  circle_set                           
2020100e  g_uart_dma_tx_done                   
2020100f  loop_flag                            
20201011  ptz_sweep_flag                       
20201014  s_ptz_state                          
20201016  sensor_active_count                  
20201017  turn_flag                            
20207e00  __stack                              
20208000  __STACK_END                          
ffffffff  __TI_pprof_out_hndl                  
ffffffff  __TI_prof_data_size                  
ffffffff  __TI_prof_data_start                 
ffffffff  __binit__                            
ffffffff  binit                                
UNDEFED   __mpu_init                           
UNDEFED   _system_post_cinit                   

[332 symbols]
